Archive member included to satisfy reference by file (symbol)

app/libapp.a(main.c.obj)      (--whole-archive)
zephyr/libzephyr.a(soc_nrf_common.S.obj)
                              (--whole-archive)
zephyr/libzephyr.a(assert.c.obj)
                              (--whole-archive)
zephyr/libzephyr.a(bitarray.c.obj)
                              (--whole-archive)
zephyr/libzephyr.a(cbprintf.c.obj)
                              (--whole-archive)
zephyr/libzephyr.a(cbprintf_complete.c.obj)
                              (--whole-archive)
zephyr/libzephyr.a(cbprintf_packaged.c.obj)
                              (--whole-archive)
zephyr/libzephyr.a(configs.c.obj)
                              (--whole-archive)
zephyr/libzephyr.a(constraint.c.obj)
                              (--whole-archive)
zephyr/libzephyr.a(crc16_sw.c.obj)
                              (--whole-archive)
zephyr/libzephyr.a(crc32_sw.c.obj)
                              (--whole-archive)
zephyr/libzephyr.a(crc32c_sw.c.obj)
                              (--whole-archive)
zephyr/libzephyr.a(crc7_sw.c.obj)
                              (--whole-archive)
zephyr/libzephyr.a(crc8_sw.c.obj)
                              (--whole-archive)
zephyr/libzephyr.a(dec.c.obj)
                              (--whole-archive)
zephyr/libzephyr.a(fdtable.c.obj)
                              (--whole-archive)
zephyr/libzephyr.a(heap-validate.c.obj)
                              (--whole-archive)
zephyr/libzephyr.a(heap.c.obj)
                              (--whole-archive)
zephyr/libzephyr.a(hex.c.obj)
                              (--whole-archive)
zephyr/libzephyr.a(multi_heap.c.obj)
                              (--whole-archive)
zephyr/libzephyr.a(notify.c.obj)
                              (--whole-archive)
zephyr/libzephyr.a(nrf_cc3xx_platform_abort_zephyr.c.obj)
                              (--whole-archive)
zephyr/libzephyr.a(nrf_cc3xx_platform_mutex_zephyr.c.obj)
                              (--whole-archive)
zephyr/libzephyr.a(onoff.c.obj)
                              (--whole-archive)
zephyr/libzephyr.a(pm.c.obj)  (--whole-archive)
zephyr/libzephyr.a(printk.c.obj)
                              (--whole-archive)
zephyr/libzephyr.a(rb.c.obj)  (--whole-archive)
zephyr/libzephyr.a(reboot.c.obj)
                              (--whole-archive)
zephyr/libzephyr.a(residency.c.obj)
                              (--whole-archive)
zephyr/libzephyr.a(sem.c.obj)
                              (--whole-archive)
zephyr/libzephyr.a(thread_entry.c.obj)
                              (--whole-archive)
zephyr/libzephyr.a(timeutil.c.obj)
                              (--whole-archive)
zephyr/libzephyr.a(tracing_none.c.obj)
                              (--whole-archive)
zephyr/libzephyr.a(validate_base_addresses.c.obj)
                              (--whole-archive)
zephyr/libzephyr.a(validate_enabled_instances.c.obj)
                              (--whole-archive)
zephyr/arch/common/libarch__common.a(sw_isr_common.c.obj)
                              (--whole-archive)
zephyr/arch/arch/arm/core/aarch32/libarch__arm__core__aarch32.a(cpu_idle.S.obj)
                              (--whole-archive)
zephyr/arch/arch/arm/core/aarch32/libarch__arm__core__aarch32.a(isr_wrapper.S.obj)
                              (--whole-archive)
zephyr/arch/arch/arm/core/aarch32/libarch__arm__core__aarch32.a(nmi_on_reset.S.obj)
                              (--whole-archive)
zephyr/arch/arch/arm/core/aarch32/libarch__arm__core__aarch32.a(swap_helper.S.obj)
                              (--whole-archive)
zephyr/arch/arch/arm/core/aarch32/libarch__arm__core__aarch32.a(fatal.c.obj)
                              (--whole-archive)
zephyr/arch/arch/arm/core/aarch32/libarch__arm__core__aarch32.a(irq_manage.c.obj)
                              (--whole-archive)
zephyr/arch/arch/arm/core/aarch32/libarch__arm__core__aarch32.a(nmi.c.obj)
                              (--whole-archive)
zephyr/arch/arch/arm/core/aarch32/libarch__arm__core__aarch32.a(prep_c.c.obj)
                              (--whole-archive)
zephyr/arch/arch/arm/core/aarch32/libarch__arm__core__aarch32.a(swap.c.obj)
                              (--whole-archive)
zephyr/arch/arch/arm/core/aarch32/libarch__arm__core__aarch32.a(thread.c.obj)
                              (--whole-archive)
zephyr/arch/arch/arm/core/aarch32/cortex_m/libarch__arm__core__aarch32__cortex_m.a(exc_exit.S.obj)
                              (--whole-archive)
zephyr/arch/arch/arm/core/aarch32/cortex_m/libarch__arm__core__aarch32__cortex_m.a(fault_s.S.obj)
                              (--whole-archive)
zephyr/arch/arch/arm/core/aarch32/cortex_m/libarch__arm__core__aarch32__cortex_m.a(reset.S.obj)
                              (--whole-archive)
zephyr/arch/arch/arm/core/aarch32/cortex_m/libarch__arm__core__aarch32__cortex_m.a(vector_table.S.obj)
                              (--whole-archive)
[...]
Memory Configuration

Name             Origin             Length             Attributes
FLASH            0x00000000         0x00100000         xr
SRAM             0x20000000         0x00040000         xw
IDT_LIST         0xfffff7ff         0x00000800         xw
*default*        0x00000000         0xffffffff

Linker script and memory map

LOAD zephyr/CMakeFiles/zephyr_pre1.dir/dev_handles.c.obj
LOAD zephyr/CMakeFiles/zephyr_pre1.dir/misc/empty_file.c.obj
                0x00000020                _region_min_align = 0x20

.rel.plt        0x00000000        0x0
 *(SORT_BY_ALIGNMENT(.rel.plt))
                [!provide]                PROVIDE (__rel_iplt_start = .)
 *(SORT_BY_ALIGNMENT(.rel.iplt))
 .rel.iplt      0x00000000        0x0 zephyr/CMakeFiles/zephyr_pre1.dir/dev_handles.c.obj
                [!provide]                PROVIDE (__rel_iplt_end = .)

.rela.plt       0x00000000        0x0
 *(SORT_BY_ALIGNMENT(.rela.plt))
                [!provide]                PROVIDE (__rela_iplt_start = .)
 *(SORT_BY_ALIGNMENT(.rela.iplt))
                [!provide]                PROVIDE (__rela_iplt_end = .)

.rel.dyn
 *(SORT_BY_ALIGNMENT(.rel.*))

.rela.dyn
 *(SORT_BY_ALIGNMENT(.rela.*))

/DISCARD/
 *(SORT_BY_ALIGNMENT(.plt))
 *(SORT_BY_ALIGNMENT(.iplt))
 *(SORT_BY_ALIGNMENT(.got.plt))
 *(SORT_BY_ALIGNMENT(.igot.plt))
 *(SORT_BY_ALIGNMENT(.got))
 *(SORT_BY_ALIGNMENT(.igot))
 *(SORT_BY_ALIGNMENT(.note.GNU-stack))
                0x00000000                __rom_region_start = 0x0

rom_start       0x00000000      0x100
                0x00000000                . = 0x0
                0x00000000                . = ALIGN (0x4)
                0x00000000                . = ALIGN (0x80)
                0x00000000                . = ALIGN (0x100)
                0x00000000                _vector_start = .
 *(SORT_BY_ALIGNMENT(.exc_vector_table))
 *(SORT_BY_ALIGNMENT(.exc_vector_table.*))
 .exc_vector_table._vector_table_section
                0x00000000       0x40 zephyr/arch/arch/arm/core/aarch32/cortex_m/libarch__arm__core__aarch32__cortex_m.a(vector_table.S.obj)
                0x00000000                _vector_table
 *(SORT_BY_ALIGNMENT(.gnu.linkonce.irq_vector_table*))
 .gnu.linkonce.irq_vector_table
                0x00000040       0xc0 zephyr/arch/common/libisr_tables.a(isr_tables.c.obj)
                0x00000040                _irq_vector_table
 *(SORT_BY_ALIGNMENT(.vectors))
                0x00000100                _vector_end = .

text            0x00000100     0x706c
                0x00000100                __text_region_start = .
 *(SORT_BY_ALIGNMENT(.text))
 .text          0x00000100       0x30 c:/users/joaop/ncs/v1.9.1/toolchain/opt/bin/../lib/gcc/arm-none-eabi/9.2.1/thumb/v7e-m/nofp\libgcc.a(_aeabi_uldivmod.o)
                0x00000100                __aeabi_uldivmod
 .text          0x00000130      0x2c0 c:/users/joaop/ncs/v1.9.1/toolchain/opt/bin/../lib/gcc/arm-none-eabi/9.2.1/thumb/v7e-m/nofp\libgcc.a(_udivmoddi4.o)
                0x00000130                __udivmoddi4
 .text          0x000003f0        0x4 c:/users/joaop/ncs/v1.9.1/toolchain/opt/bin/../lib/gcc/arm-none-eabi/9.2.1/thumb/v7e-m/nofp\libgcc.a(_dvmd_tls.o)
                0x000003f0                __aeabi_idiv0
                0x000003f0                __aeabi_ldiv0
 *(SORT_BY_ALIGNMENT(.text.*))
 .text.button1_pressed
                0x000003f4        0xc app/libapp.a(main.c.obj)
                0x000003f4                button1_pressed
 .text.button2_pressed
                0x00000400        0xc app/libapp.a(main.c.obj)
                0x00000400                button2_pressed
 .text.button3_pressed
                0x0000040c        0xc app/libapp.a(main.c.obj)
                0x0000040c                button3_pressed
 .text.button4_pressed
                0x00000418        0xc app/libapp.a(main.c.obj)
                0x00000418                button4_pressed
 .text.coin10_pressed
                0x00000424       0x18 app/libapp.a(main.c.obj)
                0x00000424                coin10_pressed
 .text.coin20_pressed
                0x0000043c       0x18 app/libapp.a(main.c.obj)
                0x0000043c                coin20_pressed
 .text.coin50_pressed
                0x00000454       0x18 app/libapp.a(main.c.obj)
                0x00000454                coin50_pressed
 .text.coin100_pressed
                0x0000046c       0x18 app/libapp.a(main.c.obj)
                0x0000046c                coin100_pressed
 .text.z_impl_gpio_pin_configure.constprop.0
                0x00000484       0x64 app/libapp.a(main.c.obj)
 .text.z_impl_gpio_pin_interrupt_configure.constprop.0
                0x000004e8       0x6c app/libapp.a(main.c.obj)
 .text.InitConfig
                0x00000554      0x1d8 app/libapp.a(main.c.obj)
                0x00000554                InitConfig
 .text.main     0x0000072c       0x98 app/libapp.a(main.c.obj)
                0x0000072c                main
 .text.cbvprintf
                0x000007c4      0x780 zephyr/libzephyr.a(cbprintf_complete.c.obj)
                0x000007c4                cbvprintf
 .text.sys_notify_finalize
                0x00000f44       0x40 zephyr/libzephyr.a(notify.c.obj)
                0x00000f44                sys_notify_finalize
 .text.nrf_cc3xx_platform_abort_init
                0x00000f84        0xc zephyr/libzephyr.a(nrf_cc3xx_platform_abort_zephyr.c.obj)
                0x00000f84                nrf_cc3xx_platform_abort_init
 .text.mutex_unlock_platform
                0x00000f90       0x4c zephyr/libzephyr.a(nrf_cc3xx_platform_mutex_zephyr.c.obj)
 .text.mutex_free_platform
                0x00000fdc       0x48 zephyr/libzephyr.a(nrf_cc3xx_platform_mutex_zephyr.c.obj)
 .text.mutex_init_platform
                0x00001024       0x70 zephyr/libzephyr.a(nrf_cc3xx_platform_mutex_zephyr.c.obj)
 .text.mutex_lock_platform
                0x00001094       0x58 zephyr/libzephyr.a(nrf_cc3xx_platform_mutex_zephyr.c.obj)
 .text.nrf_cc3xx_platform_mutex_init
                0x000010ec       0x2c zephyr/libzephyr.a(nrf_cc3xx_platform_mutex_zephyr.c.obj)
                0x000010ec                nrf_cc3xx_platform_mutex_init
 .text.process_event
                0x00001118      0x3f4 zephyr/libzephyr.a(onoff.c.obj)
 .text.transition_complete
                0x0000150c       0x64 zephyr/libzephyr.a(onoff.c.obj)
 .text.onoff_request
                0x00001570      0x130 zephyr/libzephyr.a(onoff.c.obj)
                0x00001570                onoff_request
 .text.pm_state_notify
                0x000016a0       0xcc zephyr/libzephyr.a(pm.c.obj)
 .text.atomic_test_and_set_bit.constprop.0
                0x0000176c       0x38 zephyr/libzephyr.a(pm.c.obj)
 .text.pm_system_resume
                0x000017a4       0x88 zephyr/libzephyr.a(pm.c.obj)
                0x000017a4                pm_system_resume
 .text.pm_system_suspend
                0x0000182c      0x100 zephyr/libzephyr.a(pm.c.obj)
                0x0000182c                pm_system_suspend
 .text.char_out
                0x0000192c       0x10 zephyr/libzephyr.a(printk.c.obj)
 .text.__printk_hook_install
                0x0000193c        0xc zephyr/libzephyr.a(printk.c.obj)
                0x0000193c                __printk_hook_install
 .text.vprintk  0x00001948       0x1c zephyr/libzephyr.a(printk.c.obj)
                0x00001948                vprintk
 .text.sys_reboot
                0x00001964       0x28 zephyr/libzephyr.a(reboot.c.obj)
                0x00001964                sys_reboot
 .text.z_arm_cpu_idle_init
                0x0000198c        0xc zephyr/arch/arch/arm/core/aarch32/libarch__arm__core__aarch32.a(cpu_idle.S.obj)
                0x0000198c                z_arm_cpu_idle_init
 .text.arch_cpu_idle
                0x00001998       0x1c zephyr/arch/arch/arm/core/aarch32/libarch__arm__core__aarch32.a(cpu_idle.S.obj)
                0x00001998                arch_cpu_idle
 .text.arch_cpu_atomic_idle
                0x000019b4       0x14 zephyr/arch/arch/arm/core/aarch32/libarch__arm__core__aarch32.a(cpu_idle.S.obj)
                0x000019b4                arch_cpu_atomic_idle
 .text._isr_wrapper
                0x000019c8       0x40 zephyr/arch/arch/arm/core/aarch32/libarch__arm__core__aarch32.a(isr_wrapper.S.obj)
                0x000019c8                _isr_wrapper
 .text.z_SysNmiOnReset
                0x00001a08        0x8 zephyr/arch/arch/arm/core/aarch32/libarch__arm__core__aarch32.a(nmi_on_reset.S.obj)
                0x00001a08                z_SysNmiOnReset
 .text.z_arm_pendsv
                0x00001a10       0x54 zephyr/arch/arch/arm/core/aarch32/libarch__arm__core__aarch32.a(swap_helper.S.obj)
                0x00001a10                z_arm_pendsv
 .text.z_arm_svc
                0x00001a64       0x20 zephyr/arch/arch/arm/core/aarch32/libarch__arm__core__aarch32.a(swap_helper.S.obj)
                0x00001a64                z_arm_svc
 .text.arch_irq_enable
                0x00001a84       0x20 zephyr/arch/arch/arm/core/aarch32/libarch__arm__core__aarch32.a(irq_manage.c.obj)
                0x00001a84                arch_irq_enable
 .text.arch_irq_is_enabled
                0x00001aa4       0x1c zephyr/arch/arch/arm/core/aarch32/libarch__arm__core__aarch32.a(irq_manage.c.obj)
                0x00001aa4                arch_irq_is_enabled
 .text.z_arm_irq_priority_set
                0x00001ac0       0x68 zephyr/arch/arch/arm/core/aarch32/libarch__arm__core__aarch32.a(irq_manage.c.obj)
                0x00001ac0                z_arm_irq_priority_set
 .text.z_arm_prep_c
                0x00001b28       0x38 zephyr/arch/arch/arm/core/aarch32/libarch__arm__core__aarch32.a(prep_c.c.obj)
                0x00001b28                z_arm_prep_c
 .text.arch_swap
                0x00001b60       0x34 zephyr/arch/arch/arm/core/aarch32/libarch__arm__core__aarch32.a(swap.c.obj)
                0x00001b60                arch_swap
 .text.arch_new_thread
                0x00001b94       0x38 zephyr/arch/arch/arm/core/aarch32/libarch__arm__core__aarch32.a(thread.c.obj)
                0x00001b94                arch_new_thread
 .text.z_check_thread_stack_fail
                0x00001bcc       0x34 zephyr/arch/arch/arm/core/aarch32/libarch__arm__core__aarch32.a(thread.c.obj)
                0x00001bcc                z_check_thread_stack_fail
 .text.arch_switch_to_main_thread
                0x00001c00       0x2c zephyr/arch/arch/arm/core/aarch32/libarch__arm__core__aarch32.a(thread.c.obj)
                0x00001c00                arch_switch_to_main_thread
 .text._HandlerModeExit
                0x00001c2c       0x1c zephyr/arch/arch/arm/core/aarch32/cortex_m/libarch__arm__core__aarch32__cortex_m.a(exc_exit.S.obj)
                0x00001c2c                z_arm_int_exit
                0x00001c2c                z_arm_exc_exit
 .text.__fault  0x00001c48       0x14 zephyr/arch/arch/arm/core/aarch32/cortex_m/libarch__arm__core__aarch32__cortex_m.a(fault_s.S.obj)
                0x00001c48                z_arm_usage_fault
                0x00001c48                z_arm_mpu_fault
                0x00001c48                z_arm_exc_spurious
                0x00001c48                z_arm_debug_monitor
                0x00001c48                z_arm_hard_fault
                0x00001c48                z_arm_bus_fault
 .text._reset_section
                0x00001c5c       0x54 zephyr/arch/arch/arm/core/aarch32/cortex_m/libarch__arm__core__aarch32__cortex_m.a(reset.S.obj)
                0x00001c5c                __start
                0x00001c5c                z_arm_reset
 .text.mem_manage_fault
                0x00001cb0       0xa4 zephyr/arch/arch/arm/core/aarch32/cortex_m/libarch__arm__core__aarch32__cortex_m.a(fault.c.obj)
 .text.bus_fault.isra.0
                0x00001d54       0x3c zephyr/arch/arch/arm/core/aarch32/cortex_m/libarch__arm__core__aarch32__cortex_m.a(fault.c.obj)
 .text.usage_fault.isra.0
                0x00001d90       0x24 zephyr/arch/arch/arm/core/aarch32/cortex_m/libarch__arm__core__aarch32__cortex_m.a(fault.c.obj)
 .text.z_arm_fault
                0x00001db4      0x17c zephyr/arch/arch/arm/core/aarch32/cortex_m/libarch__arm__core__aarch32__cortex_m.a(fault.c.obj)
                0x00001db4                z_arm_fault
 .text.z_arm_fault_init
                0x00001f30       0x10 zephyr/arch/arch/arm/core/aarch32/cortex_m/libarch__arm__core__aarch32__cortex_m.a(fault.c.obj)
                0x00001f30                z_arm_fault_init
 .text.z_arm_interrupt_init
                0x00001f40       0x18 zephyr/arch/arch/arm/core/aarch32/cortex_m/libarch__arm__core__aarch32__cortex_m.a(irq_init.c.obj)
                0x00001f40                z_arm_interrupt_init
 .text.z_arm_clear_arm_mpu_config
                0x00001f58       0x20 zephyr/arch/arch/arm/core/aarch32/cortex_m/libarch__arm__core__aarch32__cortex_m.a(scb.c.obj)
                0x00001f58                z_arm_clear_arm_mpu_config
 .text.z_arm_init_arch_hw_at_boot
                0x00001f78       0x64 zephyr/arch/arch/arm/core/aarch32/cortex_m/libarch__arm__core__aarch32__cortex_m.a(scb.c.obj)
                0x00001f78                z_arm_init_arch_hw_at_boot
 .text.z_impl_k_thread_abort
                0x00001fdc       0x24 zephyr/arch/arch/arm/core/aarch32/cortex_m/libarch__arm__core__aarch32__cortex_m.a(thread_abort.c.obj)
                0x00001fdc                z_impl_k_thread_abort
 .text.z_arm_configure_static_mpu_regions
                0x00002000       0x18 zephyr/arch/arch/arm/core/aarch32/mpu/libarch__arm__core__aarch32__mpu.a(arm_core_mpu.c.obj)
                0x00002000                z_arm_configure_static_mpu_regions
 .text.z_arm_configure_dynamic_mpu_regions
                0x00002018       0x20 zephyr/arch/arch/arm/core/aarch32/mpu/libarch__arm__core__aarch32__mpu.a(arm_core_mpu.c.obj)
                0x00002018                z_arm_configure_dynamic_mpu_regions
 .text.mpu_configure_regions
                0x00002038       0x80 zephyr/arch/arch/arm/core/aarch32/mpu/libarch__arm__core__aarch32__mpu.a(arm_mpu.c.obj)
 .text.arm_core_mpu_enable
                0x000020b8       0x14 zephyr/arch/arch/arm/core/aarch32/mpu/libarch__arm__core__aarch32__mpu.a(arm_mpu.c.obj)
                0x000020b8                arm_core_mpu_enable
 .text.arm_core_mpu_disable
                0x000020cc       0x10 zephyr/arch/arch/arm/core/aarch32/mpu/libarch__arm__core__aarch32__mpu.a(arm_mpu.c.obj)
                0x000020cc                arm_core_mpu_disable
 .text.arm_core_mpu_configure_static_mpu_regions
                0x000020dc       0x50 zephyr/arch/arch/arm/core/aarch32/mpu/libarch__arm__core__aarch32__mpu.a(arm_mpu.c.obj)
                0x000020dc                arm_core_mpu_configure_static_mpu_regions
 .text.arm_core_mpu_configure_dynamic_mpu_regions
                0x0000212c       0x64 zephyr/arch/arch/arm/core/aarch32/mpu/libarch__arm__core__aarch32__mpu.a(arm_mpu.c.obj)
                0x0000212c                arm_core_mpu_configure_dynamic_mpu_regions
 .text.z_arm_mpu_init
                0x00002190       0xbc zephyr/arch/arch/arm/core/aarch32/mpu/libarch__arm__core__aarch32__mpu.a(arm_mpu.c.obj)
                0x00002190                z_arm_mpu_init
 .text.printf   0x0000224c       0x24 zephyr/lib/libc/minimal/liblib__libc__minimal.a(fprintf.c.obj)
                0x0000224c                printf
 .text.__stdout_hook_install
                0x00002270        0xc zephyr/lib/libc/minimal/liblib__libc__minimal.a(stdout_console.c.obj)
                0x00002270                __stdout_hook_install
 .text.z_impl_zephyr_fputc
                0x0000227c       0x18 zephyr/lib/libc/minimal/liblib__libc__minimal.a(stdout_console.c.obj)
                0x0000227c                z_impl_zephyr_fputc
 .text.nordicsemi_nrf52_init
                0x00002294       0x64 zephyr/soc/arm/nordic_nrf/nrf52/libsoc__arm__nordic_nrf__nrf52.a(soc.c.obj)
 .text.sys_arch_reboot
                0x000022f8       0x2c zephyr/soc/arm/nordic_nrf/nrf52/libsoc__arm__nordic_nrf__nrf52.a(soc.c.obj)
                0x000022f8                sys_arch_reboot
 .text.arch_busy_wait
                0x00002324       0x14 zephyr/soc/arm/nordic_nrf/nrf52/libsoc__arm__nordic_nrf__nrf52.a(soc.c.obj)
                0x00002324                arch_busy_wait
 .text.onoff_start
                0x00002338       0x54 zephyr/drivers/clock_control/libdrivers__clock_control.a(clock_control_nrf.c.obj)
 .text.get_status
                0x0000238c       0x3c zephyr/drivers/clock_control/libdrivers__clock_control.a(clock_control_nrf.c.obj)
 .text.stop     0x000023c8       0x7c zephyr/drivers/clock_control/libdrivers__clock_control.a(clock_control_nrf.c.obj)
 .text.onoff_stop
                0x00002444       0x28 zephyr/drivers/clock_control/libdrivers__clock_control.a(clock_control_nrf.c.obj)
 .text.clk_init
                0x0000246c       0x60 zephyr/drivers/clock_control/libdrivers__clock_control.a(clock_control_nrf.c.obj)
 .text.clkstarted_handle.constprop.0
                0x000024cc       0x34 zephyr/drivers/clock_control/libdrivers__clock_control.a(clock_control_nrf.c.obj)
 .text.clock_event_handler
                0x00002500       0x60 zephyr/drivers/clock_control/libdrivers__clock_control.a(clock_control_nrf.c.obj)
 .text.generic_hfclk_start
                0x00002560       0x64 zephyr/drivers/clock_control/libdrivers__clock_control.a(clock_control_nrf.c.obj)
 .text.generic_hfclk_stop
                0x000025c4       0x2c zephyr/drivers/clock_control/libdrivers__clock_control.a(clock_control_nrf.c.obj)
 .text.api_blocking_start
                0x000025f0       0x34 zephyr/drivers/clock_control/libdrivers__clock_control.a(clock_control_nrf.c.obj)
 .text.z_nrf_clock_control_lf_on
                0x00002624      0x158 zephyr/drivers/clock_control/libdrivers__clock_control.a(clock_control_nrf.c.obj)
                0x00002624                z_nrf_clock_control_lf_on
 .text.uart_console_init
                0x0000277c       0x30 zephyr/drivers/console/libdrivers__console.a(uart_console.c.obj)
 .text.console_out
                0x000027ac       0x28 zephyr/drivers/console/libdrivers__console.a(uart_console.c.obj)
 .text.gpio_nrfx_manage_callback
                0x000027d4       0xac zephyr/drivers/gpio/libdrivers__gpio.a(gpio_nrfx.c.obj)
 .text.nrfx_gpio_handler
                0x00002880       0x98 zephyr/drivers/gpio/libdrivers__gpio.a(gpio_nrfx.c.obj)
 .text.gpio_nrfx_pin_interrupt_configure
                0x00002918      0x130 zephyr/drivers/gpio/libdrivers__gpio.a(gpio_nrfx.c.obj)
 .text.gpio_nrfx_init
                0x00002a48       0x38 zephyr/drivers/gpio/libdrivers__gpio.a(gpio_nrfx.c.obj)
 .text.gpio_nrfx_pin_configure
                0x00002a80      0x15c zephyr/drivers/gpio/libdrivers__gpio.a(gpio_nrfx.c.obj)
 .text.uarte_nrfx_configure
                0x00002bdc      0x164 zephyr/drivers/serial/libdrivers__serial.a(uart_nrfx_uarte.c.obj)
 .text.nrf_gpio_pin_port_decode
                0x00002d40       0x84 zephyr/drivers/serial/libdrivers__serial.a(uart_nrfx_uarte.c.obj)
 .text.uarte_nrfx_poll_out
                0x00002dc4       0xc4 zephyr/drivers/serial/libdrivers__serial.a(uart_nrfx_uarte.c.obj)
 .text.uarte_instance_init.isra.0
                0x00002e88      0x198 zephyr/drivers/serial/libdrivers__serial.a(uart_nrfx_uarte.c.obj)
 .text.sys_clock_timeout_handler
                0x00003020       0x78 zephyr/drivers/timer/libdrivers__timer.a(nrf_rtc_timer.c.obj)
 .text.compare_int_lock
                0x00003098       0x50 zephyr/drivers/timer/libdrivers__timer.a(nrf_rtc_timer.c.obj)
 .text.compare_int_unlock.part.0
                0x000030e8       0x5c zephyr/drivers/timer/libdrivers__timer.a(nrf_rtc_timer.c.obj)
 .text.z_nrf_rtc_timer_read
                0x00003144       0x44 zephyr/drivers/timer/libdrivers__timer.a(nrf_rtc_timer.c.obj)
                0x00003144                z_nrf_rtc_timer_read
 .text.compare_set
                0x00003188      0x154 zephyr/drivers/timer/libdrivers__timer.a(nrf_rtc_timer.c.obj)
 .text.sys_clock_driver_init
                0x000032dc       0x84 zephyr/drivers/timer/libdrivers__timer.a(nrf_rtc_timer.c.obj)
 .text.rtc_nrf_isr
                0x00003360       0xf0 zephyr/drivers/timer/libdrivers__timer.a(nrf_rtc_timer.c.obj)
                0x00003360                rtc_nrf_isr
 .text.sys_clock_set_timeout
                0x00003450       0x60 zephyr/drivers/timer/libdrivers__timer.a(nrf_rtc_timer.c.obj)
                0x00003450                sys_clock_set_timeout
 .text.sys_clock_elapsed
                0x000034b0       0x14 zephyr/drivers/timer/libdrivers__timer.a(nrf_rtc_timer.c.obj)
                0x000034b0                sys_clock_elapsed
 .text.nrf_clock_is_running.constprop.0
                0x000034c4       0x68 modules/hal_nordic/nrfx/libmodules__hal_nordic__nrfx.a(nrfx_clock.c.obj)
 .text.nrfx_clock_init
                0x0000352c       0x48 modules/hal_nordic/nrfx/libmodules__hal_nordic__nrfx.a(nrfx_clock.c.obj)
                0x0000352c                nrfx_clock_init
 .text.nrfx_clock_enable
                0x00003574       0x40 modules/hal_nordic/nrfx/libmodules__hal_nordic__nrfx.a(nrfx_clock.c.obj)
                0x00003574                nrfx_clock_enable
 .text.nrfx_clock_start
                0x000035b4       0xa8 modules/hal_nordic/nrfx/libmodules__hal_nordic__nrfx.a(nrfx_clock.c.obj)
                0x000035b4                nrfx_clock_start
 .text.nrfx_clock_stop
                0x0000365c       0xdc modules/hal_nordic/nrfx/libmodules__hal_nordic__nrfx.a(nrfx_clock.c.obj)
                0x0000365c                nrfx_clock_stop
 .text.nrfx_power_clock_irq_handler
                0x00003738       0x68 modules/hal_nordic/nrfx/libmodules__hal_nordic__nrfx.a(nrfx_clock.c.obj)
                0x00003738                nrfx_power_clock_irq_handler
 .text.nrfx_flag32_alloc
                0x000037a0       0x48 modules/hal_nordic/nrfx/libmodules__hal_nordic__nrfx.a(nrfx_flag32_allocator.c.obj)
                0x000037a0                nrfx_flag32_alloc
 .text.nrfx_flag32_free
                0x000037e8       0x44 modules/hal_nordic/nrfx/libmodules__hal_nordic__nrfx.a(nrfx_flag32_allocator.c.obj)
                0x000037e8                nrfx_flag32_free
 .text.pin_is_task_output
                0x0000382c       0x1c modules/hal_nordic/nrfx/libmodules__hal_nordic__nrfx.a(nrfx_gpiote.c.obj)
 .text.call_handler
                0x00003848       0x3c modules/hal_nordic/nrfx/libmodules__hal_nordic__nrfx.a(nrfx_gpiote.c.obj)
 .text.release_handler
                0x00003884       0x80 modules/hal_nordic/nrfx/libmodules__hal_nordic__nrfx.a(nrfx_gpiote.c.obj)
 .text.pin_handler_trigger_uninit
                0x00003904       0x34 modules/hal_nordic/nrfx/libmodules__hal_nordic__nrfx.a(nrfx_gpiote.c.obj)
 .text.nrf_gpio_pin_port_decode
                0x00003938       0x6c modules/hal_nordic/nrfx/libmodules__hal_nordic__nrfx.a(nrfx_gpiote.c.obj)
 .text.nrfx_gpiote_input_configure
                0x000039a4      0x150 modules/hal_nordic/nrfx/libmodules__hal_nordic__nrfx.a(nrfx_gpiote.c.obj)
                0x000039a4                nrfx_gpiote_input_configure
 .text.nrfx_gpiote_output_configure
                0x00003af4       0xe0 modules/hal_nordic/nrfx/libmodules__hal_nordic__nrfx.a(nrfx_gpiote.c.obj)
                0x00003af4                nrfx_gpiote_output_configure
 .text.nrfx_gpiote_global_callback_set
                0x00003bd4        0xc modules/hal_nordic/nrfx/libmodules__hal_nordic__nrfx.a(nrfx_gpiote.c.obj)
                0x00003bd4                nrfx_gpiote_global_callback_set
 .text.nrfx_gpiote_channel_get
                0x00003be0       0x50 modules/hal_nordic/nrfx/libmodules__hal_nordic__nrfx.a(nrfx_gpiote.c.obj)
                0x00003be0                nrfx_gpiote_channel_get
 .text.nrfx_gpiote_init
                0x00003c30       0x50 modules/hal_nordic/nrfx/libmodules__hal_nordic__nrfx.a(nrfx_gpiote.c.obj)
                0x00003c30                nrfx_gpiote_init
 .text.nrfx_gpiote_is_init
                0x00003c80       0x14 modules/hal_nordic/nrfx/libmodules__hal_nordic__nrfx.a(nrfx_gpiote.c.obj)
                0x00003c80                nrfx_gpiote_is_init
 .text.nrfx_gpiote_channel_free
                0x00003c94        0xc modules/hal_nordic/nrfx/libmodules__hal_nordic__nrfx.a(nrfx_gpiote.c.obj)
                0x00003c94                nrfx_gpiote_channel_free
 .text.nrfx_gpiote_channel_alloc
                0x00003ca0        0xc modules/hal_nordic/nrfx/libmodules__hal_nordic__nrfx.a(nrfx_gpiote.c.obj)
                0x00003ca0                nrfx_gpiote_channel_alloc
 .text.nrfx_gpiote_trigger_enable
                0x00003cac       0xe0 modules/hal_nordic/nrfx/libmodules__hal_nordic__nrfx.a(nrfx_gpiote.c.obj)
                0x00003cac                nrfx_gpiote_trigger_enable
 .text.nrfx_gpiote_trigger_disable
                0x00003d8c       0x44 modules/hal_nordic/nrfx/libmodules__hal_nordic__nrfx.a(nrfx_gpiote.c.obj)
                0x00003d8c                nrfx_gpiote_trigger_disable
 .text.nrfx_gpiote_pin_uninit
                0x00003dd0       0x48 modules/hal_nordic/nrfx/libmodules__hal_nordic__nrfx.a(nrfx_gpiote.c.obj)
                0x00003dd0                nrfx_gpiote_pin_uninit
 .text.nrfx_gpiote_irq_handler
                0x00003e18      0x1b4 modules/hal_nordic/nrfx/libmodules__hal_nordic__nrfx.a(nrfx_gpiote.c.obj)
                0x00003e18                nrfx_gpiote_irq_handler
 .text.nrfx_ppi_channel_alloc
                0x00003fcc        0xc modules/hal_nordic/nrfx/libmodules__hal_nordic__nrfx.a(nrfx_ppi.c.obj)
                0x00003fcc                nrfx_ppi_channel_alloc
 .text.nrf52_errata_36
                0x00003fd8       0x14 modules/hal_nordic/nrfx/libmodules__hal_nordic__nrfx.a(system_nrf52840.c.obj)
 .text.nrf52_errata_98
                0x00003fec       0x28 modules/hal_nordic/nrfx/libmodules__hal_nordic__nrfx.a(system_nrf52840.c.obj)
 .text.nvmc_wait
                0x00004014       0x10 modules/hal_nordic/nrfx/libmodules__hal_nordic__nrfx.a(system_nrf52840.c.obj)
                0x00004014                nvmc_wait
 .text.SystemInit
                0x00004024      0x1d0 modules/hal_nordic/nrfx/libmodules__hal_nordic__nrfx.a(system_nrf52840.c.obj)
                0x00004024                SystemInit
 .text._DoInit  0x000041f4       0x6c modules/segger/libmodules__segger.a(SEGGER_RTT.c.obj)
 .text.z_sys_init_run_level
                0x00004260       0x40 zephyr/kernel/libkernel.a(device.c.obj)
                0x00004260                z_sys_init_run_level
 .text.z_impl_device_get_binding
                0x000042a0       0x58 zephyr/kernel/libkernel.a(device.c.obj)
                0x000042a0                z_impl_device_get_binding
 .text.z_fatal_error
                0x000042f8       0x64 zephyr/kernel/libkernel.a(fatal.c.obj)
                0x000042f8                z_fatal_error
 .text.idle     0x0000435c       0x58 zephyr/kernel/libkernel.a(idle.c.obj)
                0x0000435c                idle
 .text.init_idle_thread
                0x000043b4       0x58 zephyr/kernel/libkernel.a(init.c.obj)
 .text.bg_thread_main
                0x0000440c       0x34 zephyr/kernel/libkernel.a(init.c.obj)
 .text.z_bss_zero
                0x00004440       0x14 zephyr/kernel/libkernel.a(init.c.obj)
                0x00004440                z_bss_zero
 .text.z_cstart
                0x00004454       0xe4 zephyr/kernel/libkernel.a(init.c.obj)
                0x00004454                z_cstart
 .text.init_mem_slab_module
                0x00004538       0x78 zephyr/kernel/libkernel.a(mem_slab.c.obj)
 .text.k_mem_slab_alloc
                0x000045b0       0xd8 zephyr/kernel/libkernel.a(mem_slab.c.obj)
                0x000045b0                k_mem_slab_alloc
 .text.k_mem_slab_free
                0x00004688       0xc8 zephyr/kernel/libkernel.a(mem_slab.c.obj)
                0x00004688                k_mem_slab_free
 .text.z_impl_k_mutex_lock
                0x00004750      0x200 zephyr/kernel/libkernel.a(mutex.c.obj)
                0x00004750                z_impl_k_mutex_lock
 .text.z_impl_k_mutex_unlock
                0x00004950      0x190 zephyr/kernel/libkernel.a(mutex.c.obj)
                0x00004950                z_impl_k_mutex_unlock
 .text.z_reset_time_slice
                0x00004ae0       0x2c zephyr/kernel/libkernel.a(sched.c.obj)
                0x00004ae0                z_reset_time_slice
 .text.k_sched_time_slice_set
                0x00004b0c       0xcc zephyr/kernel/libkernel.a(sched.c.obj)
                0x00004b0c                k_sched_time_slice_set
 .text.z_reschedule
                0x00004bd8       0x88 zephyr/kernel/libkernel.a(sched.c.obj)
                0x00004bd8                z_reschedule
 .text.k_sched_lock
                0x00004c60       0xe8 zephyr/kernel/libkernel.a(sched.c.obj)
                0x00004c60                k_sched_lock
 .text.z_priq_dumb_remove
                0x00004d48       0x44 zephyr/kernel/libkernel.a(sched.c.obj)
                0x00004d48                z_priq_dumb_remove
 .text.unpend_thread_no_timeout
                0x00004d8c       0x44 zephyr/kernel/libkernel.a(sched.c.obj)
 .text.update_cache
                0x00004dd0       0x70 zephyr/kernel/libkernel.a(sched.c.obj)
 .text.move_thread_to_end_of_prio_q
                0x00004e40       0xac zephyr/kernel/libkernel.a(sched.c.obj)
 .text.z_time_slice
                0x00004eec       0xf0 zephyr/kernel/libkernel.a(sched.c.obj)
                0x00004eec                z_time_slice
 .text.ready_thread
                0x00004fdc       0xa4 zephyr/kernel/libkernel.a(sched.c.obj)
 .text.z_ready_thread
                0x00005080       0x90 zephyr/kernel/libkernel.a(sched.c.obj)
                0x00005080                z_ready_thread
 .text.z_sched_start
                0x00005110       0xa8 zephyr/kernel/libkernel.a(sched.c.obj)
                0x00005110                z_sched_start
 .text.z_thread_timeout
                0x000051b8       0xb4 zephyr/kernel/libkernel.a(sched.c.obj)
                0x000051b8                z_thread_timeout
 .text.unready_thread
                0x0000526c       0x38 zephyr/kernel/libkernel.a(sched.c.obj)
 .text.add_to_waitq_locked
                0x000052a4       0x84 zephyr/kernel/libkernel.a(sched.c.obj)
 .text.pend     0x00005328       0xbc zephyr/kernel/libkernel.a(sched.c.obj)
 .text.z_pend_curr
                0x000053e4       0x60 zephyr/kernel/libkernel.a(sched.c.obj)
                0x000053e4                z_pend_curr
 .text.z_set_prio
                0x00005444      0x138 zephyr/kernel/libkernel.a(sched.c.obj)
                0x00005444                z_set_prio
 .text.z_impl_k_thread_suspend
                0x0000557c       0xd4 zephyr/kernel/libkernel.a(sched.c.obj)
                0x0000557c                z_impl_k_thread_suspend
 .text.k_sched_unlock
                0x00005650       0xf8 zephyr/kernel/libkernel.a(sched.c.obj)
                0x00005650                k_sched_unlock
 .text.z_unpend_first_thread
                0x00005748       0xa0 zephyr/kernel/libkernel.a(sched.c.obj)
                0x00005748                z_unpend_first_thread
 .text.z_sched_init
                0x000057e8       0x18 zephyr/kernel/libkernel.a(sched.c.obj)
                0x000057e8                z_sched_init
 .text.z_impl_k_yield
                0x00005800      0x148 zephyr/kernel/libkernel.a(sched.c.obj)
                0x00005800                z_impl_k_yield
 .text.z_tick_sleep
                0x00005948      0x15c zephyr/kernel/libkernel.a(sched.c.obj)
 .text.z_impl_k_sleep
                0x00005aa4       0x70 zephyr/kernel/libkernel.a(sched.c.obj)
                0x00005aa4                z_impl_k_sleep
 .text.z_impl_z_current_get
                0x00005b14        0xc zephyr/kernel/libkernel.a(sched.c.obj)
                0x00005b14                z_impl_z_current_get
 .text.z_thread_abort
                0x00005b20      0x168 zephyr/kernel/libkernel.a(sched.c.obj)
                0x00005b20                z_thread_abort
 .text.z_impl_k_sem_give
                0x00005c88       0x7c zephyr/kernel/libkernel.a(sem.c.obj)
                0x00005c88                z_impl_k_sem_give
 .text.z_impl_k_sem_take
                0x00005d04      0x114 zephyr/kernel/libkernel.a(sem.c.obj)
                0x00005d04                z_impl_k_sem_take
 .text.z_setup_new_thread
                0x00005e18       0xc8 zephyr/kernel/libkernel.a(thread.c.obj)
                0x00005e18                z_setup_new_thread
 .text.z_init_static_threads
                0x00005ee0      0x120 zephyr/kernel/libkernel.a(thread.c.obj)
                0x00005ee0                z_init_static_threads
 .text.z_spin_lock_valid
                0x00006000       0x1c zephyr/kernel/libkernel.a(thread.c.obj)
                0x00006000                z_spin_lock_valid
 .text.z_spin_unlock_valid
                0x0000601c       0x20 zephyr/kernel/libkernel.a(thread.c.obj)
                0x0000601c                z_spin_unlock_valid
 .text.z_spin_lock_set_owner
                0x0000603c       0x10 zephyr/kernel/libkernel.a(thread.c.obj)
                0x0000603c                z_spin_lock_set_owner
 .text.elapsed  0x0000604c       0x14 zephyr/kernel/libkernel.a(timeout.c.obj)
 .text.next_timeout
                0x00006060       0x58 zephyr/kernel/libkernel.a(timeout.c.obj)
 .text.remove_timeout
                0x000060b8       0x34 zephyr/kernel/libkernel.a(timeout.c.obj)
 .text.z_add_timeout
                0x000060ec      0x1a8 zephyr/kernel/libkernel.a(timeout.c.obj)
                0x000060ec                z_add_timeout
 .text.z_abort_timeout
                0x00006294       0x9c zephyr/kernel/libkernel.a(timeout.c.obj)
                0x00006294                z_abort_timeout
 .text.z_get_next_timeout_expiry
                0x00006330       0x90 zephyr/kernel/libkernel.a(timeout.c.obj)
                0x00006330                z_get_next_timeout_expiry
 .text.z_set_timeout_expiry
                0x000063c0       0xa0 zephyr/kernel/libkernel.a(timeout.c.obj)
                0x000063c0                z_set_timeout_expiry
 .text.sys_clock_announce
                0x00006460      0x198 zephyr/kernel/libkernel.a(timeout.c.obj)
                0x00006460                sys_clock_announce
 .text.sys_clock_tick_get
                0x000065f8       0xa0 zephyr/kernel/libkernel.a(timeout.c.obj)
                0x000065f8                sys_clock_tick_get
 .text.z_data_copy
                0x00006698       0x34 zephyr/kernel/libkernel.a(xip.c.obj)
                0x00006698                z_data_copy
 .text.boot_banner
                0x000066cc       0x18 zephyr/kernel/libkernel.a(banner.c.obj)
                0x000066cc                boot_banner
 .text.nrf_cc3xx_platform_init_no_rng
                0x000066e4       0x38 C:/Users/joaop/ncs/v1.9.1/nrfxlib/crypto/nrf_cc310_platform/lib/cortex-m4/soft-float/no-interrupts/libnrf_cc310_platform_0.9.13.a(nrf_cc3xx_platform.c.obj)
                0x000066e4                nrf_cc3xx_platform_init_no_rng
 .text.nrf_cc3xx_platform_abort
                0x0000671c       0x24 C:/Users/joaop/ncs/v1.9.1/nrfxlib/crypto/nrf_cc310_platform/lib/cortex-m4/soft-float/no-interrupts/libnrf_cc310_platform_0.9.13.a(nrf_cc3xx_platform_abort.c.obj)
 .text.CC_PalAbort
                0x00006740       0x40 C:/Users/joaop/ncs/v1.9.1/nrfxlib/crypto/nrf_cc310_platform/lib/cortex-m4/soft-float/no-interrupts/libnrf_cc310_platform_0.9.13.a(nrf_cc3xx_platform_abort.c.obj)
                0x00006740                CC_PalAbort
 .text.nrf_cc3xx_platform_set_abort
                0x00006780       0x10 C:/Users/joaop/ncs/v1.9.1/nrfxlib/crypto/nrf_cc310_platform/lib/cortex-m4/soft-float/no-interrupts/libnrf_cc310_platform_0.9.13.a(nrf_cc3xx_platform_abort.c.obj)
                0x00006780                nrf_cc3xx_platform_set_abort
 .text.mutex_free
                0x00006790       0x28 C:/Users/joaop/ncs/v1.9.1/nrfxlib/crypto/nrf_cc310_platform/lib/cortex-m4/soft-float/no-interrupts/libnrf_cc310_platform_0.9.13.a(nrf_cc3xx_platform_mutex.c.obj)
 .text.mutex_unlock
                0x000067b8       0x2c C:/Users/joaop/ncs/v1.9.1/nrfxlib/crypto/nrf_cc310_platform/lib/cortex-m4/soft-float/no-interrupts/libnrf_cc310_platform_0.9.13.a(nrf_cc3xx_platform_mutex.c.obj)
 .text.mutex_init
                0x000067e4       0x1c C:/Users/joaop/ncs/v1.9.1/nrfxlib/crypto/nrf_cc310_platform/lib/cortex-m4/soft-float/no-interrupts/libnrf_cc310_platform_0.9.13.a(nrf_cc3xx_platform_mutex.c.obj)
 .text.mutex_lock
                0x00006800       0x44 C:/Users/joaop/ncs/v1.9.1/nrfxlib/crypto/nrf_cc310_platform/lib/cortex-m4/soft-float/no-interrupts/libnrf_cc310_platform_0.9.13.a(nrf_cc3xx_platform_mutex.c.obj)
 .text.nrf_cc3xx_platform_set_mutexes
                0x00006844       0x60 C:/Users/joaop/ncs/v1.9.1/nrfxlib/crypto/nrf_cc310_platform/lib/cortex-m4/soft-float/no-interrupts/libnrf_cc310_platform_0.9.13.a(nrf_cc3xx_platform_mutex.c.obj)
                0x00006844                nrf_cc3xx_platform_set_mutexes
 .text.CC_LibInitNoRng
                0x000068a4       0x6c C:/Users/joaop/ncs/v1.9.1/nrfxlib/crypto/nrf_cc310_platform/lib/cortex-m4/soft-float/no-interrupts/libnrf_cc310_platform_0.9.13.a(cc_lib.c.obj)
                0x000068a4                CC_LibInitNoRng
 .text.CC_HalInit
                0x00006910        0x4 C:/Users/joaop/ncs/v1.9.1/nrfxlib/crypto/nrf_cc310_platform/lib/cortex-m4/soft-float/no-interrupts/libnrf_cc310_platform_0.9.13.a(cc_hal.c.obj)
                0x00006910                CC_HalInit
 .text.CC_HalTerminate
                0x00006914        0x4 C:/Users/joaop/ncs/v1.9.1/nrfxlib/crypto/nrf_cc310_platform/lib/cortex-m4/soft-float/no-interrupts/libnrf_cc310_platform_0.9.13.a(cc_hal.c.obj)
                0x00006914                CC_HalTerminate
 .text.CC_HalMaskInterrupt
                0x00006918        0xc C:/Users/joaop/ncs/v1.9.1/nrfxlib/crypto/nrf_cc310_platform/lib/cortex-m4/soft-float/no-interrupts/libnrf_cc310_platform_0.9.13.a(cc_hal.c.obj)
                0x00006918                CC_HalMaskInterrupt
 .text.CC_PalInit
                0x00006924       0x5c C:/Users/joaop/ncs/v1.9.1/nrfxlib/crypto/nrf_cc310_platform/lib/cortex-m4/soft-float/no-interrupts/libnrf_cc310_platform_0.9.13.a(cc_pal.c.obj)
                0x00006924                CC_PalInit
 .text.CC_PalTerminate
                0x00006980       0x34 C:/Users/joaop/ncs/v1.9.1/nrfxlib/crypto/nrf_cc310_platform/lib/cortex-m4/soft-float/no-interrupts/libnrf_cc310_platform_0.9.13.a(cc_pal.c.obj)
                0x00006980                CC_PalTerminate
 .text.CC_PalDmaInit
                0x000069b4        0x4 C:/Users/joaop/ncs/v1.9.1/nrfxlib/crypto/nrf_cc310_platform/lib/cortex-m4/soft-float/no-interrupts/libnrf_cc310_platform_0.9.13.a(cc_pal_dma.c.obj)
                0x000069b4                CC_PalDmaInit
 .text.CC_PalDmaTerminate
                0x000069b8        0x4 C:/Users/joaop/ncs/v1.9.1/nrfxlib/crypto/nrf_cc310_platform/lib/cortex-m4/soft-float/no-interrupts/libnrf_cc310_platform_0.9.13.a(cc_pal_dma.c.obj)
                0x000069b8                CC_PalDmaTerminate
 .text.CC_PalMutexCreate
                0x000069bc       0x14 C:/Users/joaop/ncs/v1.9.1/nrfxlib/crypto/nrf_cc310_platform/lib/cortex-m4/soft-float/no-interrupts/libnrf_cc310_platform_0.9.13.a(cc_pal_mutex.c.obj)
                0x000069bc                CC_PalMutexCreate
 .text.CC_PalMutexDestroy
                0x000069d0       0x14 C:/Users/joaop/ncs/v1.9.1/nrfxlib/crypto/nrf_cc310_platform/lib/cortex-m4/soft-float/no-interrupts/libnrf_cc310_platform_0.9.13.a(cc_pal_mutex.c.obj)
                0x000069d0                CC_PalMutexDestroy
 .text.CC_PalPowerSaveModeInit
                0x000069e4       0x3c C:/Users/joaop/ncs/v1.9.1/nrfxlib/crypto/nrf_cc310_platform/lib/cortex-m4/soft-float/no-interrupts/libnrf_cc310_platform_0.9.13.a(cc_pal_pm.c.obj)
                0x000069e4                CC_PalPowerSaveModeInit
 .text.CC_PalPowerSaveModeSelect
                0x00006a20       0x84 C:/Users/joaop/ncs/v1.9.1/nrfxlib/crypto/nrf_cc310_platform/lib/cortex-m4/soft-float/no-interrupts/libnrf_cc310_platform_0.9.13.a(cc_pal_pm.c.obj)
                0x00006a20                CC_PalPowerSaveModeSelect
 .text.gpio_add_callback
                0x00006aa4       0x10 app/libapp.a(main.c.obj)
 .text.assert_post_action
                0x00006ab4        0xe zephyr/libzephyr.a(assert.c.obj)
                0x00006ab4                assert_post_action
 .text.encode_uint
                0x00006ac2       0x96 zephyr/libzephyr.a(cbprintf_complete.c.obj)
 .text.outs     0x00006b58       0x2c zephyr/libzephyr.a(cbprintf_complete.c.obj)
 .text._ConfigAbsSyms
                0x00006b84        0x2 zephyr/libzephyr.a(configs.c.obj)
                0x00006b84                _ConfigAbsSyms
 .text.sys_notify_validate
                0x00006b86       0x22 zephyr/libzephyr.a(notify.c.obj)
                0x00006b86                sys_notify_validate
 .text.abort_function
                0x00006ba8        0x8 zephyr/libzephyr.a(nrf_cc3xx_platform_abort_zephyr.c.obj)
 .text.process_recheck
                0x00006bb0       0x38 zephyr/libzephyr.a(onoff.c.obj)
 .text.notify_one
                0x00006be8       0x2c zephyr/libzephyr.a(onoff.c.obj)
 .text.validate_args
                0x00006c14       0x1e zephyr/libzephyr.a(onoff.c.obj)
 .text.onoff_manager_init
                0x00006c32       0x26 zephyr/libzephyr.a(onoff.c.obj)
                0x00006c32                onoff_manager_init
 .text.arch_printk_char_out
                0x00006c58        0x4 zephyr/libzephyr.a(printk.c.obj)
                0x00006c58                arch_printk_char_out
 .text.printk   0x00006c5c       0x1a zephyr/libzephyr.a(printk.c.obj)
                0x00006c5c                printk
 .text.pm_policy_next_state
                0x00006c76        0xa zephyr/libzephyr.a(residency.c.obj)
                0x00006c76                pm_policy_next_state
 .text.z_thread_entry
                0x00006c80       0x14 zephyr/libzephyr.a(thread_entry.c.obj)
                0x00006c80                z_thread_entry
 .text.z_arm_fatal_error
                0x00006c94        0x4 zephyr/arch/arch/arm/core/aarch32/libarch__arm__core__aarch32.a(fatal.c.obj)
                0x00006c94                z_arm_fatal_error
 .text.z_do_kernel_oops
                0x00006c98        0x8 zephyr/arch/arch/arm/core/aarch32/libarch__arm__core__aarch32.a(fatal.c.obj)
                0x00006c98                z_do_kernel_oops
 .text.z_irq_spurious
                0x00006ca0        0x8 zephyr/arch/arch/arm/core/aarch32/libarch__arm__core__aarch32.a(irq_manage.c.obj)
                0x00006ca0                z_irq_spurious
 .text.z_arm_nmi
                0x00006ca8        0xe zephyr/arch/arch/arm/core/aarch32/libarch__arm__core__aarch32.a(nmi.c.obj)
                0x00006ca8                z_arm_nmi
 .text._stdout_hook_default
                0x00006cb6        0x6 zephyr/lib/libc/minimal/liblib__libc__minimal.a(stdout_console.c.obj)
 .text.fputc    0x00006cbc        0x4 zephyr/lib/libc/minimal/liblib__libc__minimal.a(stdout_console.c.obj)
                0x00006cbc                fputc
 .text.strcpy   0x00006cc0       0x14 zephyr/lib/libc/minimal/liblib__libc__minimal.a(string.c.obj)
                0x00006cc0                strcpy
 .text.strlen   0x00006cd4        0xe zephyr/lib/libc/minimal/liblib__libc__minimal.a(string.c.obj)
                0x00006cd4                strlen
 .text.strnlen  0x00006ce2       0x12 zephyr/lib/libc/minimal/liblib__libc__minimal.a(string.c.obj)
                0x00006ce2                strnlen
 .text.strcmp   0x00006cf4       0x18 zephyr/lib/libc/minimal/liblib__libc__minimal.a(string.c.obj)
                0x00006cf4                strcmp
 .text.memcpy   0x00006d0c       0x16 zephyr/lib/libc/minimal/liblib__libc__minimal.a(string.c.obj)
                0x00006d0c                memcpy
 .text.memset   0x00006d22       0x12 zephyr/lib/libc/minimal/liblib__libc__minimal.a(string.c.obj)
                0x00006d22                memset
 .text.pm_power_state_set
                0x00006d34       0x26 zephyr/soc/arm/nordic_nrf/nrf52/libsoc__arm__nordic_nrf__nrf52.a(power.c.obj)
                0x00006d34                pm_power_state_set
 .text.pm_power_state_exit_post_ops
                0x00006d5a       0x16 zephyr/soc/arm/nordic_nrf/nrf52/libsoc__arm__nordic_nrf__nrf52.a(power.c.obj)
                0x00006d5a                pm_power_state_exit_post_ops
 .text.set_starting_state
                0x00006d70       0x3c zephyr/drivers/clock_control/libdrivers__clock_control.a(clock_control_nrf.c.obj)
 .text.set_on_state
                0x00006dac       0x26 zephyr/drivers/clock_control/libdrivers__clock_control.a(clock_control_nrf.c.obj)
 .text.onoff_started_callback
                0x00006dd2        0xc zephyr/drivers/clock_control/libdrivers__clock_control.a(clock_control_nrf.c.obj)
 .text.lfclk_start
                0x00006dde        0x6 zephyr/drivers/clock_control/libdrivers__clock_control.a(clock_control_nrf.c.obj)
 .text.lfclk_stop
                0x00006de4        0x6 zephyr/drivers/clock_control/libdrivers__clock_control.a(clock_control_nrf.c.obj)
 .text.api_stop
                0x00006dea        0x6 zephyr/drivers/clock_control/libdrivers__clock_control.a(clock_control_nrf.c.obj)
 .text.blocking_start_callback
                0x00006df0        0x6 zephyr/drivers/clock_control/libdrivers__clock_control.a(clock_control_nrf.c.obj)
 .text.api_start
                0x00006df6       0x36 zephyr/drivers/clock_control/libdrivers__clock_control.a(clock_control_nrf.c.obj)
 .text.gpio_nrfx_port_get_raw
                0x00006e2c        0xe zephyr/drivers/gpio/libdrivers__gpio.a(gpio_nrfx.c.obj)
 .text.gpio_nrfx_port_set_masked_raw
                0x00006e3a       0x16 zephyr/drivers/gpio/libdrivers__gpio.a(gpio_nrfx.c.obj)
 .text.gpio_nrfx_port_set_bits_raw
                0x00006e50        0xc zephyr/drivers/gpio/libdrivers__gpio.a(gpio_nrfx.c.obj)
 .text.gpio_nrfx_port_clear_bits_raw
                0x00006e5c        0xc zephyr/drivers/gpio/libdrivers__gpio.a(gpio_nrfx.c.obj)
 .text.gpio_nrfx_port_toggle_bits
                0x00006e68       0x12 zephyr/drivers/gpio/libdrivers__gpio.a(gpio_nrfx.c.obj)
 .text.uarte_nrfx_isr_int
                0x00006e7a       0x74 zephyr/drivers/serial/libdrivers__serial.a(uart_nrfx_uarte.c.obj)
 .text.uarte_nrfx_config_get
                0x00006eee       0x10 zephyr/drivers/serial/libdrivers__serial.a(uart_nrfx_uarte.c.obj)
 .text.uarte_nrfx_err_check
                0x00006efe        0xe zephyr/drivers/serial/libdrivers__serial.a(uart_nrfx_uarte.c.obj)
 .text.is_tx_ready
                0x00006f0c       0x20 zephyr/drivers/serial/libdrivers__serial.a(uart_nrfx_uarte.c.obj)
 .text.uarte_nrfx_poll_in
                0x00006f2c       0x26 zephyr/drivers/serial/libdrivers__serial.a(uart_nrfx_uarte.c.obj)
 .text.uarte_0_init
                0x00006f52       0x1e zephyr/drivers/serial/libdrivers__serial.a(uart_nrfx_uarte.c.obj)
 .text.uarte_1_init
                0x00006f70       0x1e zephyr/drivers/serial/libdrivers__serial.a(uart_nrfx_uarte.c.obj)
 .text.sys_clock_idle_exit
                0x00006f8e        0x2 zephyr/drivers/timer/libdrivers__timer.a(sys_clock_init.c.obj)
                0x00006f8e                sys_clock_idle_exit
 .text.k_sys_fatal_error_handler
                0x00006f90        0x8 modules/nrf/lib/fatal_error/lib..__nrf__lib__fatal_error.a(fatal_error.c.obj)
                0x00006f90                k_sys_fatal_error_handler
 .text.hw_cc3xx_init_internal
                0x00006f98        0x4 modules/nrf/drivers/hw_cc310/lib..__nrf__drivers__hw_cc310.a(hw_cc310.c.obj)
 .text.hw_cc3xx_init
                0x00006f9c       0x12 modules/nrf/drivers/hw_cc310/lib..__nrf__drivers__hw_cc310.a(hw_cc310.c.obj)
 .text.nrfx_isr
                0x00006fae        0x2 modules/hal_nordic/nrfx/libmodules__hal_nordic__nrfx.a(nrfx_glue.c.obj)
                0x00006fae                nrfx_isr
 .text.nrfx_busy_wait
                0x00006fb0        0x4 modules/hal_nordic/nrfx/libmodules__hal_nordic__nrfx.a(nrfx_glue.c.obj)
                0x00006fb0                nrfx_busy_wait
 .text.nrf_gpio_pin_present_check
                0x00006fb4       0x22 modules/hal_nordic/nrfx/libmodules__hal_nordic__nrfx.a(nrfx_gpiote.c.obj)
 .text.nrf_gpiote_in_event_get
                0x00006fd6        0x8 modules/hal_nordic/nrfx/libmodules__hal_nordic__nrfx.a(nrfx_gpiote.c.obj)
 .text.nrf_gpio_reconfigure
                0x00006fde       0x96 modules/hal_nordic/nrfx/libmodules__hal_nordic__nrfx.a(nrfx_gpiote.c.obj)
 .text.nrf_gpio_cfg_sense_set
                0x00007074       0x1e modules/hal_nordic/nrfx/libmodules__hal_nordic__nrfx.a(nrfx_gpiote.c.obj)
 .text.SEGGER_RTT_Init
                0x00007092        0x4 modules/segger/libmodules__segger.a(SEGGER_RTT.c.obj)
                0x00007092                SEGGER_RTT_Init
 .text.rtt_init
                0x00007096        0xa modules/segger/libmodules__segger.a(SEGGER_RTT_zephyr.c.obj)
 .text.z_device_state_init
                0x000070a0        0x2 zephyr/kernel/libkernel.a(device.c.obj)
                0x000070a0                z_device_state_init
 .text.z_device_ready
                0x000070a2       0x14 zephyr/kernel/libkernel.a(device.c.obj)
                0x000070a2                z_device_ready
 .text.z_pm_save_idle_exit
                0x000070b6        0xe zephyr/kernel/libkernel.a(idle.c.obj)
                0x000070b6                z_pm_save_idle_exit
 .text.k_mem_slab_init
                0x000070c4       0x38 zephyr/kernel/libkernel.a(mem_slab.c.obj)
                0x000070c4                k_mem_slab_init
 .text.z_impl_k_mutex_init
                0x000070fc        0xe zephyr/kernel/libkernel.a(mutex.c.obj)
                0x000070fc                z_impl_k_mutex_init
 .text.z_reschedule_irqlock
                0x0000710a       0x18 zephyr/kernel/libkernel.a(sched.c.obj)
                0x0000710a                z_reschedule_irqlock
 .text.z_reschedule_unlocked
                0x00007122       0x14 zephyr/kernel/libkernel.a(sched.c.obj)
 .text.z_priq_dumb_best
                0x00007136       0x14 zephyr/kernel/libkernel.a(sched.c.obj)
                0x00007136                z_priq_dumb_best
 .text.k_is_in_isr
                0x0000714a        0xc zephyr/kernel/libkernel.a(thread.c.obj)
                0x0000714a                k_is_in_isr
 .text.sys_clock_tick_get_32
                0x00007156        0x8 zephyr/kernel/libkernel.a(timeout.c.obj)
                0x00007156                sys_clock_tick_get_32
 .text.z_impl_k_busy_wait
                0x0000715e        0x8 zephyr/kernel/libkernel.a(timeout.c.obj)
                0x0000715e                z_impl_k_busy_wait
 .text._OffsetAbsSyms
                0x00007166        0x2 zephyr/CMakeFiles/offsets.dir/./arch/arm/core/offsets/offsets.c.obj
                0x00007166                _OffsetAbsSyms
 *(SORT_BY_ALIGNMENT(.TEXT.*))
 .TEXT.z_arm_platform_init
                0x00007168        0x4 zephyr/libzephyr.a(soc_nrf_common.S.obj)
                0x00007168                z_arm_platform_init
 *(SORT_BY_ALIGNMENT(.gnu.linkonce.t.*))
 *(SORT_BY_ALIGNMENT(.glue_7t))
 .glue_7t       0x0000716c        0x0 linker stubs
 *(SORT_BY_ALIGNMENT(.glue_7))
 .glue_7        0x0000716c        0x0 linker stubs
 *(SORT_BY_ALIGNMENT(.vfp11_veneer))
 .vfp11_veneer  0x0000716c        0x0 linker stubs
 *(SORT_BY_ALIGNMENT(.v4_bx))
 .v4_bx         0x0000716c        0x0 linker stubs
                0x0000716c                __text_region_end = .

.ARM.exidx      0x0000716c        0x8
                0x0000716c                __exidx_start = .
 *(SORT_BY_ALIGNMENT(.ARM.exidx*) SORT_BY_ALIGNMENT(gnu.linkonce.armexidx.*))
 .ARM.exidx     0x0000716c        0x8 c:/users/joaop/ncs/v1.9.1/toolchain/opt/bin/../lib/gcc/arm-none-eabi/9.2.1/thumb/v7e-m/nofp\libgcc.a(_udivmoddi4.o)
                0x00007174                __exidx_end = .
                0x00007174                __rodata_region_start = .

initlevel       0x00007174       0x60
                0x00007174                __init_start = .
                0x00007174                __init_PRE_KERNEL_1_start = .
 *(SORT_BY_NAME(SORT_BY_ALIGNMENT(.z_init_PRE_KERNEL_1[0-9]_*)))
 .z_init_PRE_KERNEL_10_
                0x00007174        0x8 zephyr/soc/arm/nordic_nrf/nrf52/libsoc__arm__nordic_nrf__nrf52.a(soc.c.obj)
 *(SORT_BY_NAME(SORT_BY_ALIGNMENT(.z_init_PRE_KERNEL_1[1-9][0-9]_*)))
 .z_init_PRE_KERNEL_130_
                0x0000717c        0x8 zephyr/drivers/clock_control/libdrivers__clock_control.a(clock_control_nrf.c.obj)
 .z_init_PRE_KERNEL_130_
                0x00007184        0x8 modules/segger/libmodules__segger.a(SEGGER_RTT_zephyr.c.obj)
 .z_init_PRE_KERNEL_130_
                0x0000718c        0x8 zephyr/kernel/libkernel.a(mem_slab.c.obj)
 .z_init_PRE_KERNEL_140_
                0x00007194       0x10 zephyr/drivers/gpio/libdrivers__gpio.a(gpio_nrfx.c.obj)
 .z_init_PRE_KERNEL_140_
                0x000071a4        0x8 modules/nrf/drivers/hw_cc310/lib..__nrf__drivers__hw_cc310.a(hw_cc310.c.obj)
 .z_init_PRE_KERNEL_155_
                0x000071ac       0x10 zephyr/drivers/serial/libdrivers__serial.a(uart_nrfx_uarte.c.obj)
 .z_init_PRE_KERNEL_160_
                0x000071bc        0x8 zephyr/drivers/console/libdrivers__console.a(uart_console.c.obj)
                0x000071c4                __init_PRE_KERNEL_2_start = .
 *(SORT_BY_NAME(SORT_BY_ALIGNMENT(.z_init_PRE_KERNEL_2[0-9]_*)))
 .z_init_PRE_KERNEL_20_
                0x000071c4        0x8 zephyr/drivers/timer/libdrivers__timer.a(nrf_rtc_timer.c.obj)
 *(SORT_BY_NAME(SORT_BY_ALIGNMENT(.z_init_PRE_KERNEL_2[1-9][0-9]_*)))
                0x000071cc                __init_POST_KERNEL_start = .
 *(SORT_BY_NAME(SORT_BY_ALIGNMENT(.z_init_POST_KERNEL[0-9]_*)))
 *(SORT_BY_NAME(SORT_BY_ALIGNMENT(.z_init_POST_KERNEL[1-9][0-9]_*)))
 .z_init_POST_KERNEL40_
                0x000071cc        0x8 modules/nrf/drivers/hw_cc310/lib..__nrf__drivers__hw_cc310.a(hw_cc310.c.obj)
                0x000071d4                __init_APPLICATION_start = .
 *(SORT_BY_NAME(SORT_BY_ALIGNMENT(.z_init_APPLICATION[0-9]_*)))
 *(SORT_BY_NAME(SORT_BY_ALIGNMENT(.z_init_APPLICATION[1-9][0-9]_*)))
                0x000071d4                __init_SMP_start = .
 *(SORT_BY_NAME(SORT_BY_ALIGNMENT(.z_init_SMP[0-9]_*)))
 *(SORT_BY_NAME(SORT_BY_ALIGNMENT(.z_init_SMP[1-9][0-9]_*)))
                0x000071d4                __init_end = .

devices         0x000071d4       0x78
                0x000071d4                __device_start = .
                0x000071d4                __device_PRE_KERNEL_1_start = .
 *(SORT_BY_NAME(SORT_BY_ALIGNMENT(.z_device_PRE_KERNEL_1[0-9]_*)))
 *(SORT_BY_NAME(SORT_BY_ALIGNMENT(.z_device_PRE_KERNEL_1[1-9][0-9]_*)))
 .z_device_PRE_KERNEL_130_
                0x000071d4       0x18 zephyr/drivers/clock_control/libdrivers__clock_control.a(clock_control_nrf.c.obj)
                0x000071d4                __device_dts_ord_27
 .z_device_PRE_KERNEL_140_
                0x000071ec       0x30 zephyr/drivers/gpio/libdrivers__gpio.a(gpio_nrfx.c.obj)
                0x000071ec                __device_dts_ord_11
                0x00007204                __device_dts_ord_54
 .z_device_PRE_KERNEL_155_
                0x0000721c       0x30 zephyr/drivers/serial/libdrivers__serial.a(uart_nrfx_uarte.c.obj)
                0x0000721c                __device_dts_ord_63
                0x00007234                __device_dts_ord_62
                0x0000724c                __device_PRE_KERNEL_2_start = .
 *(SORT_BY_NAME(SORT_BY_ALIGNMENT(.z_device_PRE_KERNEL_2[0-9]_*)))
 *(SORT_BY_NAME(SORT_BY_ALIGNMENT(.z_device_PRE_KERNEL_2[1-9][0-9]_*)))
                0x0000724c                __device_POST_KERNEL_start = .
 *(SORT_BY_NAME(SORT_BY_ALIGNMENT(.z_device_POST_KERNEL[0-9]_*)))
 *(SORT_BY_NAME(SORT_BY_ALIGNMENT(.z_device_POST_KERNEL[1-9][0-9]_*)))
                0x0000724c                __device_APPLICATION_start = .
 *(SORT_BY_NAME(SORT_BY_ALIGNMENT(.z_device_APPLICATION[0-9]_*)))
 *(SORT_BY_NAME(SORT_BY_ALIGNMENT(.z_device_APPLICATION[1-9][0-9]_*)))
                0x0000724c                __device_SMP_start = .
 *(SORT_BY_NAME(SORT_BY_ALIGNMENT(.z_device_SMP[0-9]_*)))
 *(SORT_BY_NAME(SORT_BY_ALIGNMENT(.z_device_SMP[1-9][0-9]_*)))
                0x0000724c                __device_end = .

sw_isr_table    0x0000724c      0x180
                0x0000724c                . = ALIGN (0x0)
 *(SORT_BY_ALIGNMENT(.gnu.linkonce.sw_isr_table*))
 .gnu.linkonce.sw_isr_table
                0x0000724c      0x180 zephyr/arch/common/libisr_tables.a(isr_tables.c.obj)
                0x0000724c                _sw_isr_table

initlevel_error
                0x00007174        0x0
 *(SORT_BY_NAME(SORT_BY_ALIGNMENT(.z_init_[_A-Z0-9]*)))
                0x00000001                ASSERT ((SIZEOF (initlevel_error) == 0x0), Undefined initialization levels used.)

app_shmem_regions
                0x000073cc        0x0
                0x000073cc                __app_shmem_regions_start = .
 *(SORT_BY_NAME(SORT_BY_ALIGNMENT(.app_regions.*)))
                0x000073cc                __app_shmem_regions_end = .

bt_l2cap_fixed_chan_area
                0x000073cc        0x0
                0x000073cc                _bt_l2cap_fixed_chan_list_start = .
 *(SORT_BY_NAME(SORT_BY_ALIGNMENT(._bt_l2cap_fixed_chan.static.*)))
                0x000073cc                _bt_l2cap_fixed_chan_list_end = .

bt_gatt_service_static_area
                0x000073cc        0x0
                0x000073cc                _bt_gatt_service_static_list_start = .
 *(SORT_BY_NAME(SORT_BY_ALIGNMENT(._bt_gatt_service_static.static.*)))
                0x000073cc                _bt_gatt_service_static_list_end = .

k_p4wq_initparam_area
                0x000073cc        0x0
                0x000073cc                _k_p4wq_initparam_list_start = .
 *(SORT_BY_NAME(SORT_BY_ALIGNMENT(._k_p4wq_initparam.static.*)))
                0x000073cc                _k_p4wq_initparam_list_end = .

log_strings_sections
                0x000073cc        0x0
                0x000073cc                __log_strings_start = .
 *(SORT_BY_NAME(SORT_BY_ALIGNMENT(.log_strings*)))
                0x000073cc                __log_strings_end = .

log_const_sections
                0x000073cc        0x0
                0x000073cc                __log_const_start = .
 *(SORT_BY_NAME(SORT_BY_ALIGNMENT(.log_const_*)))
                0x000073cc                __log_const_end = .

log_backends_sections
                0x000073cc        0x0
                0x000073cc                __log_backends_start = .
 *(SORT_BY_ALIGNMENT(._log_backend.*))
                0x000073cc                __log_backends_end = .

shell_area      0x000073cc        0x0
                0x000073cc                _shell_list_start = .
 *(SORT_BY_NAME(SORT_BY_ALIGNMENT(._shell.static.*)))
                0x000073cc                _shell_list_end = .

shell_root_cmds_sections
                0x000073cc        0x0
                0x000073cc                __shell_root_cmds_start = .
 *(SORT_BY_NAME(SORT_BY_ALIGNMENT(.shell_root_cmd_*)))
                0x000073cc                __shell_root_cmds_end = .

font_entry_sections
                0x000073cc        0x0
                0x000073cc                __font_entry_start = .
 *(SORT_BY_NAME(SORT_BY_ALIGNMENT(._cfb_font.*)))
                0x000073cc                __font_entry_end = .

tracing_backend_area
                0x000073cc        0x0
                0x000073cc                _tracing_backend_list_start = .
 *(SORT_BY_NAME(SORT_BY_ALIGNMENT(._tracing_backend.static.*)))
                0x000073cc                _tracing_backend_list_end = .

zephyr_dbg_info
 *(SORT_BY_ALIGNMENT(.dbg_thread_info))

device_handles  0x000073cc       0x1e
                0x000073cc                __device_handles_start = .
 *(SORT_BY_NAME(SORT_BY_ALIGNMENT(.__device_handles_pass2*)))
 .__device_handles_pass2
                0x000073cc       0x1e zephyr/CMakeFiles/zephyr_pre1.dir/dev_handles.c.obj
                0x000073cc                __devicehdl_DT_N_S_soc_S_uart_40002000
                0x000073d2                __devicehdl_DT_N_S_soc_S_uart_40028000
                0x000073d8                __devicehdl_DT_N_S_soc_S_gpio_50000300
                0x000073de                __devicehdl_DT_N_S_soc_S_gpio_50000000
                0x000073e4                __devicehdl_DT_N_S_soc_S_clock_40000000
                0x000073ea                __device_handles_end = .

rodata          0x000073f0     0x1014
 *(SORT_BY_ALIGNMENT(.rodata))
 *(SORT_BY_ALIGNMENT(.rodata.*))
 .rodata.delay_machine_code.12406
                0x000073f0        0x6 zephyr/soc/arm/nordic_nrf/nrf52/libsoc__arm__nordic_nrf__nrf52.a(soc.c.obj)
 *fill*         0x000073f6        0x2 
 .rodata.apis   0x000073f8        0x8 zephyr/libzephyr.a(nrf_cc3xx_platform_abort_zephyr.c.obj)
 .rodata.mutex_apis
                0x00007400       0x10 zephyr/libzephyr.a(nrf_cc3xx_platform_mutex_zephyr.c.obj)
 .rodata.mutexes
                0x00007410       0x14 zephyr/libzephyr.a(nrf_cc3xx_platform_mutex_zephyr.c.obj)
 .rodata.static_regions
                0x00007424        0xc zephyr/arch/arch/arm/core/aarch32/mpu/libarch__arm__core__aarch32__mpu.a(arm_core_mpu.c.obj)
 .rodata.mpu_config
                0x00007430        0x8 zephyr/soc/arm/common/cortex_m/libsoc__arm__common__cortex_m.a(arm_mpu_regions.c.obj)
                0x00007430                mpu_config
 .rodata.mpu_regions
                0x00007438       0x18 zephyr/soc/arm/common/cortex_m/libsoc__arm__common__cortex_m.a(arm_mpu_regions.c.obj)
 .rodata.clock_control_api
                0x00007450       0x18 zephyr/drivers/clock_control/libdrivers__clock_control.a(clock_control_nrf.c.obj)
 .rodata.config
                0x00007468       0x10 zephyr/drivers/clock_control/libdrivers__clock_control.a(clock_control_nrf.c.obj)
 .rodata.transitions.11164
                0x00007478        0xc zephyr/drivers/clock_control/libdrivers__clock_control.a(clock_control_nrf.c.obj)
 .rodata.gpio_nrfx_drv_api_funcs
                0x00007484       0x24 zephyr/drivers/gpio/libdrivers__gpio.a(gpio_nrfx.c.obj)
 .rodata.gpio_nrfx_p0_cfg
                0x000074a8       0x10 zephyr/drivers/gpio/libdrivers__gpio.a(gpio_nrfx.c.obj)
 .rodata.gpio_nrfx_p1_cfg
                0x000074b8       0x10 zephyr/drivers/gpio/libdrivers__gpio.a(gpio_nrfx.c.obj)
 .rodata.uart_nrfx_uarte_driver_api
                0x000074c8       0x14 zephyr/drivers/serial/libdrivers__serial.a(uart_nrfx_uarte.c.obj)
 .rodata.uarte_0z_config
                0x000074dc       0x20 zephyr/drivers/serial/libdrivers__serial.a(uart_nrfx_uarte.c.obj)
 .rodata.uarte_1z_config
                0x000074fc       0x20 zephyr/drivers/serial/libdrivers__serial.a(uart_nrfx_uarte.c.obj)
 .rodata.levels.9429
                0x0000751c       0x14 zephyr/kernel/libkernel.a(device.c.obj)
 .rodata._k_neg_eagain
                0x00007530        0x4 zephyr/kernel/libkernel.a(errno.c.obj)
                0x00007530                _k_neg_eagain
 .rodata.CSWTCH.8
                0x00007534       0x1c C:/Users/joaop/ncs/v1.9.1/nrfxlib/crypto/nrf_cc310_platform/lib/cortex-m4/soft-float/no-interrupts/libnrf_cc310_platform_0.9.13.a(nrf_cc3xx_platform.c.obj)
 .rodata.mutex_free.str1.4
                0x00007550       0x26 C:/Users/joaop/ncs/v1.9.1/nrfxlib/crypto/nrf_cc310_platform/lib/cortex-m4/soft-float/no-interrupts/libnrf_cc310_platform_0.9.13.a(nrf_cc3xx_platform_mutex.c.obj)
 *fill*         0x00007576        0x2 
 .rodata.mutex_init.str1.4
                0x00007578       0x23 C:/Users/joaop/ncs/v1.9.1/nrfxlib/crypto/nrf_cc310_platform/lib/cortex-m4/soft-float/no-interrupts/libnrf_cc310_platform_0.9.13.a(nrf_cc3xx_platform_mutex.c.obj)
 *fill*         0x0000759b        0x1 
 .rodata.CC_PalPowerSaveModeInit.str1.4
                0x0000759c       0x20 C:/Users/joaop/ncs/v1.9.1/nrfxlib/crypto/nrf_cc310_platform/lib/cortex-m4/soft-float/no-interrupts/libnrf_cc310_platform_0.9.13.a(cc_pal_pm.c.obj)
 .rodata.z_impl_gpio_pin_configure.constprop.0.str1.1
                0x000075bc       0x97 app/libapp.a(main.c.obj)
 .rodata.InitConfig.str1.1
                0x00007653       0x84 app/libapp.a(main.c.obj)
 .rodata.main.str1.1
                0x000076d7       0x9b app/libapp.a(main.c.obj)
 .rodata.cbvprintf.str1.1
                0x00007772        0x6 zephyr/libzephyr.a(cbprintf_complete.c.obj)
 .rodata.sys_notify_finalize.str1.1
                0x00007778       0x23 zephyr/libzephyr.a(notify.c.obj)
                                 0x42 (size before relaxing)
 .rodata.mutex_free_platform.str1.1
                0x0000779b       0x26 zephyr/libzephyr.a(nrf_cc3xx_platform_mutex_zephyr.c.obj)
 .rodata.mutex_init_platform.str1.1
                0x000077c1       0x2d zephyr/libzephyr.a(nrf_cc3xx_platform_mutex_zephyr.c.obj)
 .rodata.process_event.str1.1
                0x000077ee      0x122 zephyr/libzephyr.a(onoff.c.obj)
                                0x141 (size before relaxing)
 .rodata.pm_state_notify.str1.1
                0x00007910       0x9c zephyr/libzephyr.a(pm.c.obj)
 .rodata.sys_reboot.str1.1
                0x00007910       0x29 zephyr/libzephyr.a(reboot.c.obj)
 .rodata.z_arm_irq_priority_set.str1.1
                0x00007939       0x91 zephyr/arch/arch/arm/core/aarch32/libarch__arm__core__aarch32.a(irq_manage.c.obj)
                                 0xae (size before relaxing)
 .rodata.mem_manage_fault.str1.1
                0x000079ca       0xa7 zephyr/arch/arch/arm/core/aarch32/cortex_m/libarch__arm__core__aarch32__cortex_m.a(fault.c.obj)
                                 0xc4 (size before relaxing)
 .rodata.z_arm_fault.str1.1
                0x00007a71       0xa5 zephyr/arch/arch/arm/core/aarch32/cortex_m/libarch__arm__core__aarch32__cortex_m.a(fault.c.obj)
                                 0xa7 (size before relaxing)
 .rodata.arm_core_mpu_configure_static_mpu_regions.str1.1
                0x00007b16       0x63 zephyr/arch/arch/arm/core/aarch32/mpu/libarch__arm__core__aarch32__mpu.a(arm_mpu.c.obj)
                                 0x82 (size before relaxing)
 .rodata.arm_core_mpu_configure_dynamic_mpu_regions.str1.1
                0x00007b79       0x2d zephyr/arch/arch/arm/core/aarch32/mpu/libarch__arm__core__aarch32__mpu.a(arm_mpu.c.obj)
 .rodata.z_arm_mpu_init.str1.1
                0x00007ba6       0xa5 zephyr/arch/arch/arm/core/aarch32/mpu/libarch__arm__core__aarch32__mpu.a(arm_mpu.c.obj)
 .rodata.str1.1
                0x00007c4b        0xf zephyr/soc/arm/common/cortex_m/libsoc__arm__common__cortex_m.a(arm_mpu_regions.c.obj)
 .rodata.CSWTCH.9
                0x00007c5a        0x6 zephyr/soc/arm/nordic_nrf/nrf52/libsoc__arm__nordic_nrf__nrf52.a(soc.c.obj)
 .rodata.get_status.str1.1
                0x00007c60       0x61 zephyr/drivers/clock_control/libdrivers__clock_control.a(clock_control_nrf.c.obj)
                                 0x7e (size before relaxing)
 .rodata.clock_event_handler.str1.1
                0x00007cc1        0x2 zephyr/drivers/clock_control/libdrivers__clock_control.a(clock_control_nrf.c.obj)
 .rodata.z_nrf_clock_control_lf_on.str1.1
                0x00007cc1        0x9 zephyr/drivers/clock_control/libdrivers__clock_control.a(clock_control_nrf.c.obj)
 .rodata.str1.1
                0x00007cca        0x6 zephyr/drivers/clock_control/libdrivers__clock_control.a(clock_control_nrf.c.obj)
 .rodata.gpio_nrfx_manage_callback.str1.1
                0x00007cd0       0x6e zephyr/drivers/gpio/libdrivers__gpio.a(gpio_nrfx.c.obj)
                                 0x8b (size before relaxing)
 .rodata.nrfx_gpio_handler.str1.1
                0x00007d3e        0xc zephyr/drivers/gpio/libdrivers__gpio.a(gpio_nrfx.c.obj)
 .rodata.gpio_nrfx_pin_interrupt_configure.str1.1
                0x00007d4a       0x56 zephyr/drivers/gpio/libdrivers__gpio.a(gpio_nrfx.c.obj)
                                 0x58 (size before relaxing)
 .rodata.str1.1
                0x00007da0        0x7 zephyr/drivers/gpio/libdrivers__gpio.a(gpio_nrfx.c.obj)
                                  0xe (size before relaxing)
 .rodata.nrf_gpio_pin_port_decode.str1.1
                0x00007da7       0x75 zephyr/drivers/serial/libdrivers__serial.a(uart_nrfx_uarte.c.obj)
 .rodata.str1.1
                0x00007da7        0xe zephyr/drivers/serial/libdrivers__serial.a(uart_nrfx_uarte.c.obj)
 .rodata.nrf_clock_is_running.constprop.0.str1.1
                0x00007db5       0x34 modules/hal_nordic/nrfx/libmodules__hal_nordic__nrfx.a(nrfx_clock.c.obj)
                                 0x53 (size before relaxing)
 .rodata.nrfx_clock_init.str1.1
                0x00007de9       0x4b modules/hal_nordic/nrfx/libmodules__hal_nordic__nrfx.a(nrfx_clock.c.obj)
 .rodata.nrfx_clock_enable.str1.1
                0x00007e34       0x1e modules/hal_nordic/nrfx/libmodules__hal_nordic__nrfx.a(nrfx_clock.c.obj)
 .rodata.legacy_handler.str1.1
                0x00007e52       0x64 modules/hal_nordic/nrfx/libmodules__hal_nordic__nrfx.a(nrfx_gpiote.c.obj)
                                 0x81 (size before relaxing)
 .rodata.release_handler.str1.1
                0x00007eb6       0x14 modules/hal_nordic/nrfx/libmodules__hal_nordic__nrfx.a(nrfx_gpiote.c.obj)
 .rodata.nrf_gpio_pin_port_decode.str1.1
                0x00007eca       0x58 modules/hal_nordic/nrfx/libmodules__hal_nordic__nrfx.a(nrfx_gpiote.c.obj)
 .rodata.nrfx_gpiote_channel_get.str1.1
                0x00007eca        0xa modules/hal_nordic/nrfx/libmodules__hal_nordic__nrfx.a(nrfx_gpiote.c.obj)
 .rodata.nrfx_gpiote_trigger_enable.str1.1
                0x00007ed4       0x20 modules/hal_nordic/nrfx/libmodules__hal_nordic__nrfx.a(nrfx_gpiote.c.obj)
 .rodata.CSWTCH.14
                0x00007ef4        0x6 modules/hal_nordic/nrfx/libmodules__hal_nordic__nrfx.a(system_nrf52840.c.obj)
 .rodata.CSWTCH.5
                0x00007efa        0x6 modules/hal_nordic/nrfx/libmodules__hal_nordic__nrfx.a(system_nrf52840.c.obj)
 .rodata._DoInit.str1.1
                0x00007f00       0x14 modules/segger/libmodules__segger.a(SEGGER_RTT.c.obj)
 .rodata.z_fatal_error.str1.1
                0x00007f14       0x74 zephyr/kernel/libkernel.a(fatal.c.obj)
                                 0x91 (size before relaxing)
 .rodata.idle.str1.1
                0x00007f88       0x49 zephyr/kernel/libkernel.a(idle.c.obj)
                                 0x66 (size before relaxing)
 .rodata.z_cstart.str1.1
                0x00007fd1        0x5 zephyr/kernel/libkernel.a(init.c.obj)
 .rodata.init_mem_slab_module.str1.1
                0x00007fd6       0x61 zephyr/kernel/libkernel.a(mem_slab.c.obj)
                                 0x7e (size before relaxing)
 .rodata.k_mem_slab_alloc.str1.1
                0x00008037       0x7f zephyr/kernel/libkernel.a(mem_slab.c.obj)
 .rodata.z_impl_k_mutex_lock.str1.1
                0x00008037       0x59 zephyr/kernel/libkernel.a(mutex.c.obj)
                                 0xf5 (size before relaxing)
 .rodata.z_impl_k_mutex_unlock.str1.1
                0x00008090       0x76 zephyr/kernel/libkernel.a(mutex.c.obj)
 .rodata.k_sched_time_slice_set.str1.1
                0x00008106       0x9c zephyr/kernel/libkernel.a(sched.c.obj)
 .rodata.k_sched_lock.str1.1
                0x00008106       0x71 zephyr/kernel/libkernel.a(sched.c.obj)
 .rodata.z_priq_dumb_remove.str1.1
                0x00008106       0x43 zephyr/kernel/libkernel.a(sched.c.obj)
 .rodata.unpend_thread_no_timeout.str1.1
                0x00008149       0x17 zephyr/kernel/libkernel.a(sched.c.obj)
 .rodata.update_cache.str1.1
                0x00008160       0x27 zephyr/kernel/libkernel.a(sched.c.obj)
 .rodata.k_sched_unlock.str1.1
                0x00008187       0x31 zephyr/kernel/libkernel.a(sched.c.obj)
 .rodata.z_tick_sleep.str1.1
                0x000081b8       0x40 zephyr/kernel/libkernel.a(sched.c.obj)
 .rodata.z_thread_abort.str1.1
                0x000081f8       0x22 zephyr/kernel/libkernel.a(sched.c.obj)
                                 0x24 (size before relaxing)
 .rodata.z_impl_k_sem_give.str1.1
                0x0000821a       0x70 zephyr/kernel/libkernel.a(sem.c.obj)
 .rodata.z_impl_k_sem_take.str1.1
                0x0000821a       0x6d zephyr/kernel/libkernel.a(sem.c.obj)
                                 0x9c (size before relaxing)
 .rodata.z_setup_new_thread.str1.1
                0x00008287       0xd4 zephyr/kernel/libkernel.a(thread.c.obj)
                                 0xf1 (size before relaxing)
 .rodata.z_init_static_threads.str1.1
                0x0000835b       0x2d zephyr/kernel/libkernel.a(thread.c.obj)
                                 0x4c (size before relaxing)
 .rodata.z_add_timeout.str1.1
                0x00008388       0x44 zephyr/kernel/libkernel.a(timeout.c.obj)
                                 0xe3 (size before relaxing)
 .rodata.boot_banner.str1.1
                0x000083cc       0x36 zephyr/kernel/libkernel.a(banner.c.obj)
                                 0x37 (size before relaxing)
 *(SORT_BY_ALIGNMENT(.gnu.linkonce.r.*))
                0x00008404                . = ALIGN (0x4)
 *fill*         0x00008402        0x2 
                0x00008404                __rodata_region_end = .
                0x00008420                . = ALIGN (_region_min_align)
                0x00010000                . = ALIGN ((0x1 << ((__rodata_region_end - __rom_region_start) <= 0x4)?0x2:((__rodata_region_end - __rom_region_start) <= 0x8)?0x3:((__rodata_region_end - __rom_region_start) <= 0x10)?0x4:((__rodata_region_end - __rom_region_start) <= 0x20)?0x5:((__rodata_region_end - __rom_region_start) <= 0x40)?0x6:((__rodata_region_end - __rom_region_start) <= 0x80)?0x7:((__rodata_region_end - __rom_region_start) <= 0x100)?0x8:((__rodata_region_end - __rom_region_start) <= 0x200)?0x9:((__rodata_region_end - __rom_region_start) <= 0x400)?0xa:((__rodata_region_end - __rom_region_start) <= 0x800)?0xb:((__rodata_region_end - __rom_region_start) <= 0x1000)?0xc:((__rodata_region_end - __rom_region_start) <= 0x2000)?0xd:((__rodata_region_end - __rom_region_start) <= 0x4000)?0xe:((__rodata_region_end - __rom_region_start) <= 0x8000)?0xf:((__rodata_region_end - __rom_region_start) <= 0x10000)?0x10:((__rodata_region_end - __rom_region_start) <= 0x20000)?0x11:((__rodata_region_end - __rom_region_start) <= 0x40000)?0x12:((__rodata_region_end - __rom_region_start) <= 0x80000)?0x13:((__rodata_region_end - __rom_region_start) <= 0x100000)?0x14:((__rodata_region_end - __rom_region_start) <= 0x200000)?0x15:((__rodata_region_end - __rom_region_start) <= 0x400000)?0x16:((__rodata_region_end - __rom_region_start) <= 0x800000)?0x17:((__rodata_region_end - __rom_region_start) <= 0x1000000)?0x18:((__rodata_region_end - __rom_region_start) <= 0x2000000)?0x19:((__rodata_region_end - __rom_region_start) <= 0x4000000)?0x1a:((__rodata_region_end - __rom_region_start) <= 0x8000000)?0x1b:((__rodata_region_end - __rom_region_start) <= 0x10000000)?0x1c:((__rodata_region_end - __rom_region_start) <= 0x20000000)?0x1d:((__rodata_region_end - __rom_region_start) <= 0x40000000)?0x1e:((__rodata_region_end - __rom_region_start) <= 0x80000000)?0x1f:0x20))
                0x00010000                __rom_region_end = .
                0x20000000                . = 0x20000000
                0x20000000                . = ALIGN (_region_min_align)
                0x20000000                _image_ram_start = .

.ramfunc        0x20000000        0x0 load address 0x00008404
                0x20000000                . = ALIGN (_region_min_align)
                0x20000000                . = ALIGN ((0x1 << (__ramfunc_size <= 0x4)?0x2:(__ramfunc_size <= 0x8)?0x3:(__ramfunc_size <= 0x10)?0x4:(__ramfunc_size <= 0x20)?0x5:(__ramfunc_size <= 0x40)?0x6:(__ramfunc_size <= 0x80)?0x7:(__ramfunc_size <= 0x100)?0x8:(__ramfunc_size <= 0x200)?0x9:(__ramfunc_size <= 0x400)?0xa:(__ramfunc_size <= 0x800)?0xb:(__ramfunc_size <= 0x1000)?0xc:(__ramfunc_size <= 0x2000)?0xd:(__ramfunc_size <= 0x4000)?0xe:(__ramfunc_size <= 0x8000)?0xf:(__ramfunc_size <= 0x10000)?0x10:(__ramfunc_size <= 0x20000)?0x11:(__ramfunc_size <= 0x40000)?0x12:(__ramfunc_size <= 0x80000)?0x13:(__ramfunc_size <= 0x100000)?0x14:(__ramfunc_size <= 0x200000)?0x15:(__ramfunc_size <= 0x400000)?0x16:(__ramfunc_size <= 0x800000)?0x17:(__ramfunc_size <= 0x1000000)?0x18:(__ramfunc_size <= 0x2000000)?0x19:(__ramfunc_size <= 0x4000000)?0x1a:(__ramfunc_size <= 0x8000000)?0x1b:(__ramfunc_size <= 0x10000000)?0x1c:(__ramfunc_size <= 0x20000000)?0x1d:(__ramfunc_size <= 0x40000000)?0x1e:(__ramfunc_size <= 0x80000000)?0x1f:0x20))
                0x20000000                __ramfunc_start = .
 *(SORT_BY_ALIGNMENT(.ramfunc))
 *(SORT_BY_ALIGNMENT(.ramfunc.*))
                0x20000000                . = ALIGN (_region_min_align)
                0x20000000                . = ALIGN ((0x1 << (__ramfunc_size <= 0x4)?0x2:(__ramfunc_size <= 0x8)?0x3:(__ramfunc_size <= 0x10)?0x4:(__ramfunc_size <= 0x20)?0x5:(__ramfunc_size <= 0x40)?0x6:(__ramfunc_size <= 0x80)?0x7:(__ramfunc_size <= 0x100)?0x8:(__ramfunc_size <= 0x200)?0x9:(__ramfunc_size <= 0x400)?0xa:(__ramfunc_size <= 0x800)?0xb:(__ramfunc_size <= 0x1000)?0xc:(__ramfunc_size <= 0x2000)?0xd:(__ramfunc_size <= 0x4000)?0xe:(__ramfunc_size <= 0x8000)?0xf:(__ramfunc_size <= 0x10000)?0x10:(__ramfunc_size <= 0x20000)?0x11:(__ramfunc_size <= 0x40000)?0x12:(__ramfunc_size <= 0x80000)?0x13:(__ramfunc_size <= 0x100000)?0x14:(__ramfunc_size <= 0x200000)?0x15:(__ramfunc_size <= 0x400000)?0x16:(__ramfunc_size <= 0x800000)?0x17:(__ramfunc_size <= 0x1000000)?0x18:(__ramfunc_size <= 0x2000000)?0x19:(__ramfunc_size <= 0x4000000)?0x1a:(__ramfunc_size <= 0x8000000)?0x1b:(__ramfunc_size <= 0x10000000)?0x1c:(__ramfunc_size <= 0x20000000)?0x1d:(__ramfunc_size <= 0x40000000)?0x1e:(__ramfunc_size <= 0x80000000)?0x1f:0x20))
                0x20000000                __ramfunc_end = .
                0x00000000                __ramfunc_size = (__ramfunc_end - __ramfunc_start)
                0x00008404                __ramfunc_load_start = LOADADDR (.ramfunc)

datas           0x20000000      0x13c load address 0x00008404
                0x20000000                __data_region_start = .
                0x20000000                __data_start = .
 *(SORT_BY_ALIGNMENT(.data))
 *(SORT_BY_ALIGNMENT(.data.*))
 .data.asym_mutex
                0x20000000        0x8 zephyr/libzephyr.a(nrf_cc3xx_platform_mutex_zephyr.c.obj)
 .data.power_mutex
                0x20000008        0x8 zephyr/libzephyr.a(nrf_cc3xx_platform_mutex_zephyr.c.obj)
 .data.rng_mutex
                0x20000010        0x8 zephyr/libzephyr.a(nrf_cc3xx_platform_mutex_zephyr.c.obj)
 .data.sym_mutex
                0x20000018        0x8 zephyr/libzephyr.a(nrf_cc3xx_platform_mutex_zephyr.c.obj)
 .data._char_out
                0x20000020        0x4 zephyr/libzephyr.a(printk.c.obj)
                0x20000020                _char_out
 .data._stdout_hook
                0x20000024        0x4 zephyr/lib/libc/minimal/liblib__libc__minimal.a(stdout_console.c.obj)
 .data.uarte_0_data
                0x20000028       0x14 zephyr/drivers/serial/libdrivers__serial.a(uart_nrfx_uarte.c.obj)
 .data.uarte_1_data
                0x2000003c       0x14 zephyr/drivers/serial/libdrivers__serial.a(uart_nrfx_uarte.c.obj)
 .data.m_cb     0x20000050       0x7c modules/hal_nordic/nrfx/libmodules__hal_nordic__nrfx.a(nrfx_gpiote.c.obj)
 .data.m_channels_allocated
                0x200000cc        0x4 modules/hal_nordic/nrfx/libmodules__hal_nordic__nrfx.a(nrfx_ppi.c.obj)
 .data.SystemCoreClock
                0x200000d0        0x4 modules/hal_nordic/nrfx/libmodules__hal_nordic__nrfx.a(system_nrf52840.c.obj)
                0x200000d0                SystemCoreClock
 .data.timeout_list
                0x200000d4        0x8 zephyr/kernel/libkernel.a(timeout.c.obj)
 .data.platform_abort_apis
                0x200000dc        0x8 C:/Users/joaop/ncs/v1.9.1/nrfxlib/crypto/nrf_cc310_platform/lib/cortex-m4/soft-float/no-interrupts/libnrf_cc310_platform_0.9.13.a(nrf_cc3xx_platform_abort.c.obj)
                0x200000dc                platform_abort_apis
 .data.asym_mutex
                0x200000e4        0x8 C:/Users/joaop/ncs/v1.9.1/nrfxlib/crypto/nrf_cc310_platform/lib/cortex-m4/soft-float/no-interrupts/libnrf_cc310_platform_0.9.13.a(nrf_cc3xx_platform_mutex.c.obj)
 .data.platform_mutex_apis
                0x200000ec       0x10 C:/Users/joaop/ncs/v1.9.1/nrfxlib/crypto/nrf_cc310_platform/lib/cortex-m4/soft-float/no-interrupts/libnrf_cc310_platform_0.9.13.a(nrf_cc3xx_platform_mutex.c.obj)
                0x200000ec                platform_mutex_apis
 .data.platform_mutexes
                0x200000fc       0x14 C:/Users/joaop/ncs/v1.9.1/nrfxlib/crypto/nrf_cc310_platform/lib/cortex-m4/soft-float/no-interrupts/libnrf_cc310_platform_0.9.13.a(nrf_cc3xx_platform_mutex.c.obj)
                0x200000fc                platform_mutexes
 .data.power_mutex
                0x20000110        0x8 C:/Users/joaop/ncs/v1.9.1/nrfxlib/crypto/nrf_cc310_platform/lib/cortex-m4/soft-float/no-interrupts/libnrf_cc310_platform_0.9.13.a(nrf_cc3xx_platform_mutex.c.obj)
 .data.rng_mutex
                0x20000118        0x8 C:/Users/joaop/ncs/v1.9.1/nrfxlib/crypto/nrf_cc310_platform/lib/cortex-m4/soft-float/no-interrupts/libnrf_cc310_platform_0.9.13.a(nrf_cc3xx_platform_mutex.c.obj)
 .data.sym_mutex
                0x20000120        0x8 C:/Users/joaop/ncs/v1.9.1/nrfxlib/crypto/nrf_cc310_platform/lib/cortex-m4/soft-float/no-interrupts/libnrf_cc310_platform_0.9.13.a(nrf_cc3xx_platform_mutex.c.obj)
 .data.CCAsymCryptoMutex
                0x20000128        0x4 C:/Users/joaop/ncs/v1.9.1/nrfxlib/crypto/nrf_cc310_platform/lib/cortex-m4/soft-float/no-interrupts/libnrf_cc310_platform_0.9.13.a(cc_pal.c.obj)
                0x20000128                CCAsymCryptoMutex
 .data.CCPowerMutex
                0x2000012c        0x4 C:/Users/joaop/ncs/v1.9.1/nrfxlib/crypto/nrf_cc310_platform/lib/cortex-m4/soft-float/no-interrupts/libnrf_cc310_platform_0.9.13.a(cc_pal.c.obj)
                0x2000012c                CCPowerMutex
 .data.CCRndCryptoMutex
                0x20000130        0x4 C:/Users/joaop/ncs/v1.9.1/nrfxlib/crypto/nrf_cc310_platform/lib/cortex-m4/soft-float/no-interrupts/libnrf_cc310_platform_0.9.13.a(cc_pal.c.obj)
                0x20000130                CCRndCryptoMutex
 .data.CCSymCryptoMutex
                0x20000134        0x4 C:/Users/joaop/ncs/v1.9.1/nrfxlib/crypto/nrf_cc310_platform/lib/cortex-m4/soft-float/no-interrupts/libnrf_cc310_platform_0.9.13.a(cc_pal.c.obj)
                0x20000134                CCSymCryptoMutex
 .data.pCCRndCryptoMutex
                0x20000138        0x4 C:/Users/joaop/ncs/v1.9.1/nrfxlib/crypto/nrf_cc310_platform/lib/cortex-m4/soft-float/no-interrupts/libnrf_cc310_platform_0.9.13.a(cc_pal.c.obj)
                0x20000138                pCCRndCryptoMutex
 *(SORT_BY_ALIGNMENT(.kernel.*))
                0x2000013c                __data_end = .
                0x0000013c                __data_size = (__data_end - __data_start)
                0x00008404                __data_load_start = LOADADDR (datas)
                0x00008404                __data_region_load_start = LOADADDR (datas)

device_states   0x2000013c       0x14 load address 0x00008540
                0x2000013c                __device_states_start = .
 *(SORT_BY_ALIGNMENT(.z_devstate))
 .z_devstate    0x2000013c        0x4 zephyr/drivers/clock_control/libdrivers__clock_control.a(clock_control_nrf.c.obj)
 .z_devstate    0x20000140        0x8 zephyr/drivers/gpio/libdrivers__gpio.a(gpio_nrfx.c.obj)
 .z_devstate    0x20000148        0x8 zephyr/drivers/serial/libdrivers__serial.a(uart_nrfx_uarte.c.obj)
 *(SORT_BY_ALIGNMENT(.z_devstate.*))
                0x20000150                __device_states_end = .

initshell       0x20000150        0x0 load address 0x00008554
                0x20000150                __shell_module_start = .
 *(SORT_BY_ALIGNMENT(.shell_module_*))
                0x20000150                __shell_module_end = .
                0x20000150                __shell_cmd_start = .
 *(SORT_BY_ALIGNMENT(.shell_cmd_*))
                0x20000150                __shell_cmd_end = .

log_dynamic_sections
                0x20000150        0x0 load address 0x00008554
                0x20000150                __log_dynamic_start = .
 *(SORT_BY_NAME(SORT_BY_ALIGNMENT(.log_dynamic_*)))
                0x20000150                __log_dynamic_end = .

_static_thread_data_area
                0x20000150        0x0 load address 0x00008554
                0x20000150                __static_thread_data_list_start = .
 *(SORT_BY_NAME(SORT_BY_ALIGNMENT(.__static_thread_data.static.*)))
                0x20000150                __static_thread_data_list_end = .

k_timer_area    0x20000150        0x0 load address 0x00008554
                0x20000150                _k_timer_list_start = .
 *(SORT_BY_NAME(SORT_BY_ALIGNMENT(._k_timer.static.*)))
                0x20000150                _k_timer_list_end = .

k_mem_slab_area
                0x20000150        0x0 load address 0x00008554
                0x20000150                _k_mem_slab_list_start = .
 *(SORT_BY_NAME(SORT_BY_ALIGNMENT(._k_mem_slab.static.*)))
                0x20000150                _k_mem_slab_list_end = .

k_mem_pool_area
                0x20000150        0x0 load address 0x00008554
                0x20000150                _k_mem_pool_list_start = .
 *(SORT_BY_NAME(SORT_BY_ALIGNMENT(._k_mem_pool.static.*)))
                0x20000150                _k_mem_pool_list_end = .

k_heap_area     0x20000150        0x0 load address 0x00008554
                0x20000150                _k_heap_list_start = .
 *(SORT_BY_NAME(SORT_BY_ALIGNMENT(._k_heap.static.*)))
                0x20000150                _k_heap_list_end = .

k_mutex_area    0x20000150       0x50 load address 0x00008554
                0x20000150                _k_mutex_list_start = .
 *(SORT_BY_NAME(SORT_BY_ALIGNMENT(._k_mutex.static.*)))
 ._k_mutex.static.asym_mutex_int
                0x20000150       0x14 zephyr/libzephyr.a(nrf_cc3xx_platform_mutex_zephyr.c.obj)
                0x20000150                asym_mutex_int
 ._k_mutex.static.power_mutex_int
                0x20000164       0x14 zephyr/libzephyr.a(nrf_cc3xx_platform_mutex_zephyr.c.obj)
                0x20000164                power_mutex_int
 ._k_mutex.static.rng_mutex_int
                0x20000178       0x14 zephyr/libzephyr.a(nrf_cc3xx_platform_mutex_zephyr.c.obj)
                0x20000178                rng_mutex_int
 ._k_mutex.static.sym_mutex_int
                0x2000018c       0x14 zephyr/libzephyr.a(nrf_cc3xx_platform_mutex_zephyr.c.obj)
                0x2000018c                sym_mutex_int
                0x200001a0                _k_mutex_list_end = .

k_stack_area    0x200001a0        0x0 load address 0x000085a4
                0x200001a0                _k_stack_list_start = .
 *(SORT_BY_NAME(SORT_BY_ALIGNMENT(._k_stack.static.*)))
                0x200001a0                _k_stack_list_end = .

k_msgq_area     0x200001a0        0x0 load address 0x000085a4
                0x200001a0                _k_msgq_list_start = .
 *(SORT_BY_NAME(SORT_BY_ALIGNMENT(._k_msgq.static.*)))
                0x200001a0                _k_msgq_list_end = .

k_mbox_area     0x200001a0        0x0 load address 0x000085a4
                0x200001a0                _k_mbox_list_start = .
 *(SORT_BY_NAME(SORT_BY_ALIGNMENT(._k_mbox.static.*)))
                0x200001a0                _k_mbox_list_end = .

k_pipe_area     0x200001a0        0x0 load address 0x000085a4
                0x200001a0                _k_pipe_list_start = .
 *(SORT_BY_NAME(SORT_BY_ALIGNMENT(._k_pipe.static.*)))
                0x200001a0                _k_pipe_list_end = .

k_sem_area      0x200001a0        0x0 load address 0x000085a4
                0x200001a0                _k_sem_list_start = .
 *(SORT_BY_NAME(SORT_BY_ALIGNMENT(._k_sem.static.*)))
                0x200001a0                _k_sem_list_end = .

k_event_area    0x200001a0        0x0 load address 0x000085a4
                0x200001a0                _k_event_list_start = .
 *(SORT_BY_NAME(SORT_BY_ALIGNMENT(._k_event.static.*)))
                0x200001a0                _k_event_list_end = .

k_queue_area    0x200001a0        0x0 load address 0x000085a4
                0x200001a0                _k_queue_list_start = .
 *(SORT_BY_NAME(SORT_BY_ALIGNMENT(._k_queue.static.*)))
                0x200001a0                _k_queue_list_end = .

k_condvar_area  0x200001a0        0x0 load address 0x000085a4
                0x200001a0                _k_condvar_list_start = .
 *(SORT_BY_NAME(SORT_BY_ALIGNMENT(._k_condvar.static.*)))
                0x200001a0                _k_condvar_list_end = .

_net_buf_pool_area
                0x200001a0        0x0 load address 0x000085a4
                0x200001a0                _net_buf_pool_list = .
 *(SORT_BY_NAME(SORT_BY_ALIGNMENT(._net_buf_pool.static.*)))
                0x200001a0                __data_region_end = .

bss             0x200001a0      0xe54
                0x200001a0                . = ALIGN (0x4)
                0x200001a0                __bss_start = .
                0x200001a0                __kernel_ram_start = .
 *(SORT_BY_ALIGNMENT(.bss))
 *(SORT_BY_ALIGNMENT(.bss.*))
 .bss.anchor    0x200001a0        0x8 zephyr/drivers/timer/libdrivers__timer.a(nrf_rtc_timer.c.obj)
 .bss.cc_data   0x200001a8       0x10 zephyr/drivers/timer/libdrivers__timer.a(nrf_rtc_timer.c.obj)
 .bss.last_count
                0x200001b8        0x8 zephyr/drivers/timer/libdrivers__timer.a(nrf_rtc_timer.c.obj)
 .bss.z_idle_threads
                0x200001c0       0x80 zephyr/kernel/libkernel.a(init.c.obj)
                0x200001c0                z_idle_threads
 .bss.z_main_thread
                0x20000240       0x80 zephyr/kernel/libkernel.a(init.c.obj)
                0x20000240                z_main_thread
 .bss.curr_tick
                0x200002c0        0x8 zephyr/kernel/libkernel.a(timeout.c.obj)
 .bss.button1_cb_data
                0x200002c8        0xc app/libapp.a(main.c.obj)
 .bss.button2_cb_data
                0x200002d4        0xc app/libapp.a(main.c.obj)
 .bss.button3_cb_data
                0x200002e0        0xc app/libapp.a(main.c.obj)
 .bss.button4_cb_data
                0x200002ec        0xc app/libapp.a(main.c.obj)
 .bss.coin100_cb_data
                0x200002f8        0xc app/libapp.a(main.c.obj)
 .bss.coin10_cb_data
                0x20000304        0xc app/libapp.a(main.c.obj)
 .bss.coin20_cb_data
                0x20000310        0xc app/libapp.a(main.c.obj)
 .bss.coin50_cb_data
                0x2000031c        0xc app/libapp.a(main.c.obj)
 .bss.coinv     0x20000328        0x4 app/libapp.a(main.c.obj)
                0x20000328                coinv
 .bss.dcToggleFlag
                0x2000032c        0x4 app/libapp.a(main.c.obj)
                0x2000032c                dcToggleFlag
 .bss.mutex_slab
                0x20000330       0x20 zephyr/libzephyr.a(nrf_cc3xx_platform_mutex_zephyr.c.obj)
                0x20000330                mutex_slab
 .bss.mutex_slab_buffer
                0x20000350      0x500 zephyr/libzephyr.a(nrf_cc3xx_platform_mutex_zephyr.c.obj)
                0x20000350                mutex_slab_buffer
 .bss.pm_notifier_lock
                0x20000850        0x4 zephyr/libzephyr.a(pm.c.obj)
 .bss.pm_notifiers
                0x20000854        0x8 zephyr/libzephyr.a(pm.c.obj)
 .bss.z_post_ops_required
                0x2000085c        0x4 zephyr/libzephyr.a(pm.c.obj)
 .bss.z_power_states
                0x20000860        0xc zephyr/libzephyr.a(pm.c.obj)
 .bss.z_power_states_forced
                0x2000086c        0x4 zephyr/libzephyr.a(pm.c.obj)
 .bss.dynamic_regions.9983
                0x20000870        0xc zephyr/arch/arch/arm/core/aarch32/mpu/libarch__arm__core__aarch32__mpu.a(arm_core_mpu.c.obj)
 .bss.cli.11138
                0x2000087c       0x10 zephyr/drivers/clock_control/libdrivers__clock_control.a(clock_control_nrf.c.obj)
 .bss.data      0x2000088c       0x58 zephyr/drivers/clock_control/libdrivers__clock_control.a(clock_control_nrf.c.obj)
 .bss.hfclk_users
                0x200008e4        0x4 zephyr/drivers/clock_control/libdrivers__clock_control.a(clock_control_nrf.c.obj)
 .bss.on.11137  0x200008e8        0x4 zephyr/drivers/clock_control/libdrivers__clock_control.a(clock_control_nrf.c.obj)
 .bss.uart_console_dev
                0x200008ec        0x4 zephyr/drivers/console/libdrivers__console.a(uart_console.c.obj)
 .bss.gpio_nrfx_p0_data
                0x200008f0        0xc zephyr/drivers/gpio/libdrivers__gpio.a(gpio_nrfx.c.obj)
 .bss.gpio_nrfx_p1_data
                0x200008fc        0xc zephyr/drivers/gpio/libdrivers__gpio.a(gpio_nrfx.c.obj)
 .bss.force_isr_mask
                0x20000908        0x4 zephyr/drivers/timer/libdrivers__timer.a(nrf_rtc_timer.c.obj)
 .bss.int_mask  0x2000090c        0x4 zephyr/drivers/timer/libdrivers__timer.a(nrf_rtc_timer.c.obj)
 .bss.overflow_cnt
                0x20000910        0x4 zephyr/drivers/timer/libdrivers__timer.a(nrf_rtc_timer.c.obj)
 .bss.m_clock_cb
                0x20000914        0x8 modules/hal_nordic/nrfx/libmodules__hal_nordic__nrfx.a(nrfx_clock.c.obj)
 .bss._SEGGER_RTT
                0x2000091c       0xa8 modules/segger/libmodules__segger.a(SEGGER_RTT.c.obj)
                0x2000091c                _SEGGER_RTT
 .bss._kernel   0x200009c4       0x28 zephyr/kernel/libkernel.a(init.c.obj)
                0x200009c4                _kernel
 .bss.lock      0x200009ec        0x4 zephyr/kernel/libkernel.a(mutex.c.obj)
 .bss.pending_current
                0x200009f0        0x4 zephyr/kernel/libkernel.a(sched.c.obj)
 .bss.sched_spinlock
                0x200009f4        0x4 zephyr/kernel/libkernel.a(sched.c.obj)
                0x200009f4                sched_spinlock
 .bss.slice_max_prio
                0x200009f8        0x4 zephyr/kernel/libkernel.a(sched.c.obj)
 .bss.slice_time
                0x200009fc        0x4 zephyr/kernel/libkernel.a(sched.c.obj)
 .bss.lock      0x20000a00        0x4 zephyr/kernel/libkernel.a(sem.c.obj)
 .bss.announce_remaining
                0x20000a04        0x4 zephyr/kernel/libkernel.a(timeout.c.obj)
 .bss.timeout_lock
                0x20000a08        0x4 zephyr/kernel/libkernel.a(timeout.c.obj)
 .bss.nrf_cc3xx_platform_initialized
                0x20000a0c        0x4 C:/Users/joaop/ncs/v1.9.1/nrfxlib/crypto/nrf_cc310_platform/lib/cortex-m4/soft-float/no-interrupts/libnrf_cc310_platform_0.9.13.a(nrf_cc3xx_platform.c.obj)
 .bss.asym_mutex_int